<html>
<body>
<pre>
<h1>µVision Build Log</h1>
<h2>Tool Versions:</h2>
IDE-Version: ¦ÌVision V5.26.2.0
Copyright (C) 2018 ARM Ltd and ARM Germany GmbH. All rights reserved.
License Information: 1 1, 1, LIC=65ISZ-JCN3I-GKVBG-VMR1S-EEBBR-86HX7
 
Tool Versions:
Toolchain:       MDK-ARM Plus  Version: 5.26.2.0
Toolchain Path:  D:\install\keil526\ARM\ARMCC\Bin
C Compiler:      Armcc.exe V5.06 update 6 (build 750)
Assembler:       Armasm.exe V5.06 update 6 (build 750)
Linker/Locator:  ArmLink.exe V5.06 update 6 (build 750)
Library Manager: ArmAr.exe V5.06 update 6 (build 750)
Hex Converter:   FromElf.exe V5.06 update 6 (build 750)
CPU DLL:         SARMCM3.DLL V5.26.2.0
Dialog DLL:      DARMCM1.DLL V1.19.1.0
Target DLL:      Segger\JL2CM3.dll V2.99.31.0
Dialog DLL:      TARMCM1.DLL V1.14.0.0
 
<h2>Project:</h2>
E:\LZDFM\project\Dispenser\stm32\DFLZM_Dispenser\MDK-ARM\DFLZM_Dispenser.uvprojx
Project File Date:  10/29/2025

<h2>Output:</h2>
*** Using Compiler 'V5.06 update 6 (build 750)', folder: 'D:\install\keil526\ARM\ARMCC\Bin'
Build target 'DFLZM_Dispenser'
compiling pid.c...
compiling app.c...
..\Core\Src\app.c(171): warning:  #188-D: enumerated type mixed with another type
  	key_child_lock.status = get_key_io_level(key_child_lock.id);
..\Core\Src\app.c(172): warning:  #188-D: enumerated type mixed with another type
  	key_temper_chg.status = get_key_io_level(key_temper_chg.id);
..\Core\Src\app.c(173): warning:  #188-D: enumerated type mixed with another type
  	key_water_out.status = get_key_io_level(key_water_out.id);
..\Core\Src\app.c(174): warning:  #188-D: enumerated type mixed with another type
  	key_pre_heat.status = get_key_io_level(key_pre_heat.id);
..\Core\Src\app.c(175): warning:  #188-D: enumerated type mixed with another type
  	key_disinfect.status = get_key_io_level(key_disinfect.id);
..\Core\Src\app.c(397): warning:  #188-D: enumerated type mixed with another type
  	GPIO_PinState ret = 1;
..\Core\Src\app.c(457): warning:  #188-D: enumerated type mixed with another type
  		_key->status = PinState;
..\Core\Src\app.c(532): warning:  #188-D: enumerated type mixed with another type
  	led_tbl[led_index].status = status;
..\Core\Src\app.c(536): warning:  #188-D: enumerated type mixed with another type
  				 HAL_GPIO_WritePin(LOCK_LED,status);
..\Core\Src\app.c(540): warning:  #188-D: enumerated type mixed with another type
  				HAL_GPIO_WritePin(TEMP_CHG_LED,status);
..\Core\Src\app.c(544): warning:  #188-D: enumerated type mixed with another type
  				 HAL_GPIO_WritePin(WATEROUT_LED,status);
..\Core\Src\app.c(548): warning:  #188-D: enumerated type mixed with another type
  			   HAL_GPIO_WritePin(PREHEAT_LED,status);
..\Core\Src\app.c(552): warning:  #188-D: enumerated type mixed with another type
  				HAL_GPIO_WritePin(DISINFECT_LED,status);
..\Core\Src\app.c(681): warning:  #188-D: enumerated type mixed with another type
  			GPIO_CONFIG(Dr1_group,Dr1,DotDecode[i][0],DotDecode[i][5]); 
..\Core\Src\app.c(682): warning:  #188-D: enumerated type mixed with another type
  			GPIO_CONFIG(Dr2_group,Dr2,DotDecode[i][1],DotDecode[i][6]);
..\Core\Src\app.c(683): warning:  #188-D: enumerated type mixed with another type
  			GPIO_CONFIG(Dr3_group,Dr3,DotDecode[i][2],DotDecode[i][7]);
..\Core\Src\app.c(684): warning:  #188-D: enumerated type mixed with another type
  			GPIO_CONFIG(Dr4_group,Dr4,DotDecode[i][3],DotDecode[i][8]);
..\Core\Src\app.c(685): warning:  #188-D: enumerated type mixed with another type
  			GPIO_CONFIG(Dr5_group,Dr5,DotDecode[i][4],DotDecode[i][9]);
..\Core\Src\app.c(700): warning:  #188-D: enumerated type mixed with another type
  			GPIO_CONFIG(Dr1_group,Dr1,DotDecode[j][0],DotDecode[j][5]); 
..\Core\Src\app.c(701): warning:  #188-D: enumerated type mixed with another type
  			GPIO_CONFIG(Dr2_group,Dr2,DotDecode[j][1],DotDecode[j][6]);
..\Core\Src\app.c(702): warning:  #188-D: enumerated type mixed with another type
  			GPIO_CONFIG(Dr3_group,Dr3,DotDecode[j][2],DotDecode[j][7]);
..\Core\Src\app.c(703): warning:  #188-D: enumerated type mixed with another type
  			GPIO_CONFIG(Dr4_group,Dr4,DotDecode[j][3],DotDecode[j][8]);
..\Core\Src\app.c(704): warning:  #188-D: enumerated type mixed with another type
  			GPIO_CONFIG(Dr5_group,Dr5,DotDecode[j][4],DotDecode[j][9]);
..\Core\Src\app.c(715): warning:  #188-D: enumerated type mixed with another type
  		GPIO_CONFIG(Dr1_group,Dr1,DotDecode[H1][0],DotDecode[H1][5]); 
..\Core\Src\app.c(716): warning:  #188-D: enumerated type mixed with another type
  		GPIO_CONFIG(Dr2_group,Dr2,DotDecode[H1][1],DotDecode[H1][6]);
..\Core\Src\app.c(717): warning:  #188-D: enumerated type mixed with another type
  		GPIO_CONFIG(Dr3_group,Dr3,DotDecode[H1][2],DotDecode[H1][7]);
..\Core\Src\app.c(718): warning:  #188-D: enumerated type mixed with another type
  		GPIO_CONFIG(Dr4_group,Dr4,DotDecode[H1][3],DotDecode[H1][8]);
..\Core\Src\app.c(719): warning:  #188-D: enumerated type mixed with another type
  		GPIO_CONFIG(Dr5_group,Dr5,DotDecode[H1][4],DotDecode[H1][9]);
..\Core\Src\app.c: 28 warnings, 0 errors
linking...
Program Size: Code=11820 RO-data=1076 RW-data=128 ZI-data=2080  
FromELF: creating hex file...
"DFLZM_Dispenser\DFLZM_Dispenser.axf" - 0 Error(s), 28 Warning(s).

<h2>Software Packages used:</h2>

Package Vendor: ARM
                http://www.keil.com/pack/ARM.CMSIS.5.4.0.pack
                ARM.CMSIS.5.4.0
                CMSIS (Cortex Microcontroller Software Interface Standard)
   * Component: CORE Version: 5.1.2

Package Vendor: Keil
                https://www.keil.com/pack/Keil.STM32F0xx_DFP.2.1.1.pack
                Keil.STM32F0xx_DFP.2.1.1
                STMicroelectronics STM32F0 Series Device Support, Drivers and Examples

<h2>Collection of Component include folders:</h2>
  .\RTE\_DFLZM_Dispenser
  D:\install\keil526\ARM\PACK\ARM\CMSIS\5.4.0\CMSIS\Core\Include
  D:\install\keil526\ARM\PACK\Keil\STM32F0xx_DFP\2.1.1\Drivers\CMSIS\Device\ST\STM32F0xx\Include

<h2>Collection of Component Files used:</h2>

   * Component: ARM::CMSIS:CORE:5.1.2
Build Time Elapsed:  00:00:02
</pre>
</body>
</html>
