<html>
<body>
<pre>
<h1>µVision Build Log</h1>
<h2>Tool Versions:</h2>
IDE-Version: ¦ÌVision V5.26.2.0
Copyright (C) 2018 ARM Ltd and ARM Germany GmbH. All rights reserved.
License Information: 1 1, 1, LIC=65ISZ-JCN3I-GKVBG-VMR1S-EEBBR-86HX7
 
Tool Versions:
Toolchain:       MDK-ARM Plus  Version: 5.26.2.0
Toolchain Path:  D:\install\keil526\ARM\ARMCC\Bin
C Compiler:      Armcc.exe V5.06 update 6 (build 750)
Assembler:       Armasm.exe V5.06 update 6 (build 750)
Linker/Locator:  ArmLink.exe V5.06 update 6 (build 750)
Library Manager: ArmAr.exe V5.06 update 6 (build 750)
Hex Converter:   FromElf.exe V5.06 update 6 (build 750)
CPU DLL:         SARMCM3.DLL V5.26.2.0
Dialog DLL:      DARMCM1.DLL V1.19.1.0
Target DLL:      Segger\JL2CM3.dll V2.99.31.0
Dialog DLL:      TARMCM1.DLL V1.14.0.0
 
<h2>Project:</h2>
E:\LZDFM\project\Dispenser\stm32\DFLZM_Dispenser\MDK-ARM\DFLZM_Dispenser.uvprojx
Project File Date:  09/15/2025

<h2>Output:</h2>
*** Using Compiler 'V5.06 update 6 (build 750)', folder: 'D:\install\keil526\ARM\ARMCC\Bin'
Rebuild target 'DFLZM_Dispenser'
assembling startup_stm32f030x6.s...
compiling gpio.c...
compiling sm.c...
..\Core\Src\sm.c(230): warning:  #188-D: enumerated type mixed with another type
  	Dispenser->CurrentState = state_table[event][SNEXT_STATE];
..\Core\Src\sm.c(239): warning:  #1-D: last line of file ends without a newline
  }
..\Core\Src\sm.c: 2 warnings, 0 errors
compiling flash.c...
..\Core\Src\flash.c(124): warning:  #550-D: variable "flash_err"  was set but never used
  	uint8_t flash_err =0;
..\Core\Src\flash.c(125): warning:  #177-D: variable "data"  was declared but never referenced
  	uint16_t data=2;
..\Core\Src\flash.c(166): warning:  #1-D: last line of file ends without a newline
  }
..\Core\Src\flash.c: 3 warnings, 0 errors
compiling main.c...
../Core/Src/main.c(219): warning:  #188-D: enumerated type mixed with another type
  			HAL_GPIO_WritePin(HEATER,ON);
../Core/Src/main.c(281): warning:  #188-D: enumerated type mixed with another type
  					HAL_GPIO_WritePin(PUMP,ON);
../Core/Src/main.c(283): warning:  #188-D: enumerated type mixed with another type
  				else HAL_GPIO_WritePin(PUMP,OFF);  // 
../Core/Src/main.c(288): warning:  #188-D: enumerated type mixed with another type
  			HAL_GPIO_WritePin(HEATER,OFF);
../Core/Src/main.c: 4 warnings, 0 errors
compiling freertos.c...
compiling app.c...
..\Core\Src\app.c(201): warning:  #188-D: enumerated type mixed with another type
  	HAL_GPIO_WritePin(HEATER,OFF);
..\Core\Src\app.c(512): warning:  #188-D: enumerated type mixed with another type
  	led_tbl[led_index].status = status;
..\Core\Src\app.c(516): warning:  #188-D: enumerated type mixed with another type
  				 HAL_GPIO_WritePin(LOCK_LED,status);
..\Core\Src\app.c(520): warning:  #188-D: enumerated type mixed with another type
  				HAL_GPIO_WritePin(TEMP_CHG_LED,status);
..\Core\Src\app.c(524): warning:  #188-D: enumerated type mixed with another type
  				 HAL_GPIO_WritePin(WATEROUT_LED,status);
..\Core\Src\app.c(528): warning:  #188-D: enumerated type mixed with another type
  			   HAL_GPIO_WritePin(PREHEAT_LED,status);
..\Core\Src\app.c(532): warning:  #188-D: enumerated type mixed with another type
  				HAL_GPIO_WritePin(DISINFECT_LED,status);
..\Core\Src\app.c(640): warning:  #188-D: enumerated type mixed with another type
  			GPIO_CONFIG(Dr1_group,Dr1,DotDecode[i][0],DotDecode[i][5]); 
..\Core\Src\app.c(641): warning:  #188-D: enumerated type mixed with another type
  			GPIO_CONFIG(Dr2_group,Dr2,DotDecode[i][1],DotDecode[i][6]);
..\Core\Src\app.c(642): warning:  #188-D: enumerated type mixed with another type
  			GPIO_CONFIG(Dr3_group,Dr3,DotDecode[i][2],DotDecode[i][7]);
..\Core\Src\app.c(643): warning:  #188-D: enumerated type mixed with another type
  			GPIO_CONFIG(Dr4_group,Dr4,DotDecode[i][3],DotDecode[i][8]);
..\Core\Src\app.c(644): warning:  #188-D: enumerated type mixed with another type
  			GPIO_CONFIG(Dr5_group,Dr5,DotDecode[i][4],DotDecode[i][9]);
..\Core\Src\app.c(659): warning:  #188-D: enumerated type mixed with another type
  			GPIO_CONFIG(Dr1_group,Dr1,DotDecode[j][0],DotDecode[j][5]); 
..\Core\Src\app.c(660): warning:  #188-D: enumerated type mixed with another type
  			GPIO_CONFIG(Dr2_group,Dr2,DotDecode[j][1],DotDecode[j][6]);
..\Core\Src\app.c(661): warning:  #188-D: enumerated type mixed with another type
  			GPIO_CONFIG(Dr3_group,Dr3,DotDecode[j][2],DotDecode[j][7]);
..\Core\Src\app.c(662): warning:  #188-D: enumerated type mixed with another type
  			GPIO_CONFIG(Dr4_group,Dr4,DotDecode[j][3],DotDecode[j][8]);
..\Core\Src\app.c(663): warning:  #188-D: enumerated type mixed with another type
  			GPIO_CONFIG(Dr5_group,Dr5,DotDecode[j][4],DotDecode[j][9]);
..\Core\Src\app.c(673): warning:  #188-D: enumerated type mixed with another type
  	GPIO_CONFIG(Dr1_group,Dr1,DotDecode[H1][0],DotDecode[H1][5]); 
..\Core\Src\app.c(674): warning:  #188-D: enumerated type mixed with another type
  	GPIO_CONFIG(Dr2_group,Dr2,DotDecode[H1][1],DotDecode[H1][6]);
..\Core\Src\app.c(675): warning:  #188-D: enumerated type mixed with another type
  	GPIO_CONFIG(Dr3_group,Dr3,DotDecode[H1][2],DotDecode[H1][7]);
..\Core\Src\app.c(676): warning:  #188-D: enumerated type mixed with another type
  	GPIO_CONFIG(Dr4_group,Dr4,DotDecode[H1][3],DotDecode[H1][8]);
..\Core\Src\app.c(677): warning:  #188-D: enumerated type mixed with another type
  	GPIO_CONFIG(Dr5_group,Dr5,DotDecode[H1][4],DotDecode[H1][9]);
..\Core\Src\app.c: 22 warnings, 0 errors
compiling adc.c...
compiling stm32f0xx_it.c...
compiling stm32f0xx_hal_msp.c...
compiling tim.c...
compiling stm32f0xx_hal_timebase_tim.c...
compiling stm32f0xx_hal_adc_ex.c...
compiling stm32f0xx_hal_adc.c...
compiling stm32f0xx_hal_rcc.c...
compiling stm32f0xx_hal_rcc_ex.c...
compiling stm32f0xx_hal_i2c_ex.c...
compiling stm32f0xx_hal.c...
compiling stm32f0xx_hal_gpio.c...
compiling stm32f0xx_hal_dma.c...
compiling stm32f0xx_hal_cortex.c...
compiling stm32f0xx_hal_pwr_ex.c...
compiling stm32f0xx_hal_pwr.c...
compiling stm32f0xx_hal_flash_ex.c...
compiling stm32f0xx_hal_flash.c...
compiling stm32f0xx_hal_i2c.c...
compiling stm32f0xx_hal_exti.c...
compiling croutine.c...
compiling event_groups.c...
compiling list.c...
compiling queue.c...
compiling timers.c...
compiling stream_buffer.c...
compiling system_stm32f0xx.c...
compiling heap_4.c...
compiling tasks.c...
compiling port.c...
compiling stm32f0xx_hal_tim_ex.c...
compiling cmsis_os.c...
compiling stm32f0xx_hal_tim.c...
linking...
Program Size: Code=18108 RO-data=1080 RW-data=224 ZI-data=5032  
FromELF: creating hex file...
"DFLZM_Dispenser\DFLZM_Dispenser.axf" - 0 Error(s), 31 Warning(s).

<h2>Software Packages used:</h2>

Package Vendor: ARM
                http://www.keil.com/pack/ARM.CMSIS.5.4.0.pack
                ARM.CMSIS.5.4.0
                CMSIS (Cortex Microcontroller Software Interface Standard)
   * Component: CORE Version: 5.1.2

Package Vendor: Keil
                https://www.keil.com/pack/Keil.STM32F0xx_DFP.2.1.1.pack
                Keil.STM32F0xx_DFP.2.1.1
                STMicroelectronics STM32F0 Series Device Support, Drivers and Examples

<h2>Collection of Component include folders:</h2>
  .\RTE\_DFLZM_Dispenser
  D:\install\keil526\ARM\PACK\ARM\CMSIS\5.4.0\CMSIS\Core\Include
  D:\install\keil526\ARM\PACK\Keil\STM32F0xx_DFP\2.1.1\Drivers\CMSIS\Device\ST\STM32F0xx\Include

<h2>Collection of Component Files used:</h2>

   * Component: ARM::CMSIS:CORE:5.1.2
Build Time Elapsed:  00:00:04
</pre>
</body>
</html>
