Component: ARM Compiler 5.06 update 6 (build 750) Tool: armlink [4d35ed]

==============================================================================

Section Cross References

    startup_stm32f030x6.o(STACK) refers (Special) to heapauxi.o(.text) for __use_two_region_memory
    startup_stm32f030x6.o(HEAP) refers (Special) to heapauxi.o(.text) for __use_two_region_memory
    startup_stm32f030x6.o(RESET) refers (Special) to heapauxi.o(.text) for __use_two_region_memory
    startup_stm32f030x6.o(RESET) refers to startup_stm32f030x6.o(STACK) for __initial_sp
    startup_stm32f030x6.o(RESET) refers to startup_stm32f030x6.o(.text) for Reset_Handler
    startup_stm32f030x6.o(RESET) refers to stm32f0xx_it.o(i.NMI_Handler) for NMI_Handler
    startup_stm32f030x6.o(RESET) refers to stm32f0xx_it.o(i.HardFault_Handler) for HardFault_Handler
    startup_stm32f030x6.o(RESET) refers to stm32f0xx_it.o(i.SVC_Handler) for SVC_Handler
    startup_stm32f030x6.o(RESET) refers to stm32f0xx_it.o(i.PendSV_Handler) for PendSV_Handler
    startup_stm32f030x6.o(RESET) refers to stm32f0xx_it.o(i.SysTick_Handler) for SysTick_Handler
    startup_stm32f030x6.o(RESET) refers to stm32f0xx_it.o(i.EXTI0_1_IRQHandler) for EXTI0_1_IRQHandler
    startup_stm32f030x6.o(RESET) refers to stm32f0xx_it.o(i.EXTI2_3_IRQHandler) for EXTI2_3_IRQHandler
    startup_stm32f030x6.o(RESET) refers to stm32f0xx_it.o(i.TIM1_BRK_UP_TRG_COM_IRQHandler) for TIM1_BRK_UP_TRG_COM_IRQHandler
    startup_stm32f030x6.o(RESET) refers to stm32f0xx_it.o(i.TIM16_IRQHandler) for TIM16_IRQHandler
    startup_stm32f030x6.o(RESET) refers to stm32f0xx_it.o(i.TIM17_IRQHandler) for TIM17_IRQHandler
    startup_stm32f030x6.o(.text) refers (Special) to heapauxi.o(.text) for __use_two_region_memory
    startup_stm32f030x6.o(.text) refers to system_stm32f0xx.o(i.SystemInit) for SystemInit
    startup_stm32f030x6.o(.text) refers to __main.o(!!!main) for __main
    startup_stm32f030x6.o(.text) refers to startup_stm32f030x6.o(HEAP) for Heap_Mem
    startup_stm32f030x6.o(.text) refers to startup_stm32f030x6.o(STACK) for Stack_Mem
    app.o(i.ADC_Get_Value) refers to app.o(i.get_ptc_temper) for get_ptc_temper
    app.o(i.ADC_Get_Value) refers to stm32f0xx_hal_adc.o(i.HAL_ADC_Stop) for HAL_ADC_Stop
    app.o(i.ADC_Get_Value) refers to app.o(.bss) for .bss
    app.o(i.ADC_Get_Value) refers to adc.o(.bss) for hadc
    app.o(i.Alarm_Process) refers to app.o(.data) for .data
    app.o(i.Alarm_Process) refers to app.o(.bss) for .bss
    app.o(i.Alarm_Start) refers to app.o(.constdata) for .constdata
    app.o(i.DelayUs) refers to aeabi_sdiv.o(.text) for __aeabi_uidivmod
    app.o(i.DelayUs) refers to stm32f0xx_hal.o(i.HAL_Delay) for HAL_Delay
    app.o(i.Key_status_handler) refers to sm.o(i.WaterDispenser_Eventhandler) for WaterDispenser_Eventhandler
    app.o(i.Key_status_handler) refers to app.o(.bss) for .bss
    app.o(i.Keys_Scan) refers to app.o(i.single_key_Scan) for single_key_Scan
    app.o(i.Keys_Scan) refers to app.o(.data) for .data
    app.o(i.Keys_handler) refers to app.o(i.Key_status_handler) for Key_status_handler
    app.o(i.Keys_handler) refers to app.o(.data) for .data
    app.o(i.System_Init) refers to app.o(i.get_key_io_level) for get_key_io_level
    app.o(i.System_Init) refers to sm.o(i.enter_lock) for enter_lock
    app.o(i.System_Init) refers to app.o(.data) for .data
    app.o(i.System_Init) refers to app.o(.bss) for .bss
    app.o(i.disinfect_alarm_timeout) refers to app.o(i.set_led_status) for set_led_status
    app.o(i.disinfect_alarm_timeout) refers to app.o(.bss) for .bss
    app.o(i.disinfect_process) refers to stm32f0xx_hal_gpio.o(i.HAL_GPIO_WritePin) for HAL_GPIO_WritePin
    app.o(i.disinfect_process) refers to app.o(.bss) for .bss
    app.o(i.display) refers to rt_memclr.o(.text) for __aeabi_memclr4
    app.o(i.display) refers to stm32f0xx_hal_gpio.o(i.HAL_GPIO_Init) for HAL_GPIO_Init
    app.o(i.display) refers to aeabi_sdiv.o(.text) for __aeabi_uidivmod
    app.o(i.display) refers to stm32f0xx_hal_gpio.o(i.HAL_GPIO_WritePin) for HAL_GPIO_WritePin
    app.o(i.display) refers to app.o(i.DelayUs) for DelayUs
    app.o(i.display) refers to app.o(.bss) for .bss
    app.o(i.display) refers to app.o(.constdata) for .constdata
    app.o(i.get_key_io_level) refers to app.o(i.__ARM_common_switch8) for __ARM_common_switch8
    app.o(i.get_key_io_level) refers to stm32f0xx_hal_gpio.o(i.HAL_GPIO_ReadPin) for HAL_GPIO_ReadPin
    app.o(i.get_ptc_temper) refers to stm32f0xx_hal_adc.o(i.HAL_ADC_Start) for HAL_ADC_Start
    app.o(i.get_ptc_temper) refers to stm32f0xx_hal_adc.o(i.HAL_ADC_PollForConversion) for HAL_ADC_PollForConversion
    app.o(i.get_ptc_temper) refers to stm32f0xx_hal_adc.o(i.HAL_ADC_GetValue) for HAL_ADC_GetValue
    app.o(i.get_ptc_temper) refers to aeabi_sdiv.o(.text) for __aeabi_uidivmod
    app.o(i.get_ptc_temper) refers to fflti.o(.text) for __aeabi_ui2f
    app.o(i.get_ptc_temper) refers to faddsub.o(x$fpl$fadd) for __aeabi_fadd
[...]
    Removing stm32f0xx_hal_tim_ex.o(i.HAL_TIMEx_HallSensor_DeInit), (68 bytes).
    Removing stm32f0xx_hal_tim_ex.o(i.HAL_TIMEx_HallSensor_GetState), (6 bytes).
    Removing stm32f0xx_hal_tim_ex.o(i.HAL_TIMEx_HallSensor_Init), (196 bytes).
    Removing stm32f0xx_hal_tim_ex.o(i.HAL_TIMEx_HallSensor_MspDeInit), (2 bytes).
    Removing stm32f0xx_hal_tim_ex.o(i.HAL_TIMEx_HallSensor_MspInit), (2 bytes).
    Removing stm32f0xx_hal_tim_ex.o(i.HAL_TIMEx_HallSensor_Start), (104 bytes).
    Removing stm32f0xx_hal_tim_ex.o(i.HAL_TIMEx_HallSensor_Start_DMA), (172 bytes).
    Removing stm32f0xx_hal_tim_ex.o(i.HAL_TIMEx_HallSensor_Start_IT), (112 bytes).
    Removing stm32f0xx_hal_tim_ex.o(i.HAL_TIMEx_HallSensor_Stop), (64 bytes).
    Removing stm32f0xx_hal_tim_ex.o(i.HAL_TIMEx_HallSensor_Stop_DMA), (76 bytes).
    Removing stm32f0xx_hal_tim_ex.o(i.HAL_TIMEx_HallSensor_Stop_IT), (76 bytes).
    Removing stm32f0xx_hal_tim_ex.o(i.HAL_TIMEx_MasterConfigSynchronization), (80 bytes).
    Removing stm32f0xx_hal_tim_ex.o(i.HAL_TIMEx_OCN_Start), (128 bytes).
    Removing stm32f0xx_hal_tim_ex.o(i.HAL_TIMEx_OCN_Start_DMA), (320 bytes).
    Removing stm32f0xx_hal_tim_ex.o(i.HAL_TIMEx_OCN_Start_IT), (160 bytes).
    Removing stm32f0xx_hal_tim_ex.o(i.HAL_TIMEx_OCN_Stop), (108 bytes).
    Removing stm32f0xx_hal_tim_ex.o(i.HAL_TIMEx_OCN_Stop_DMA), (176 bytes).
    Removing stm32f0xx_hal_tim_ex.o(i.HAL_TIMEx_OCN_Stop_IT), (168 bytes).
    Removing stm32f0xx_hal_tim_ex.o(i.HAL_TIMEx_OnePulseN_Start), (98 bytes).
    Removing stm32f0xx_hal_tim_ex.o(i.HAL_TIMEx_OnePulseN_Start_IT), (116 bytes).
    Removing stm32f0xx_hal_tim_ex.o(i.HAL_TIMEx_OnePulseN_Stop), (112 bytes).
    Removing stm32f0xx_hal_tim_ex.o(i.HAL_TIMEx_OnePulseN_Stop_IT), (132 bytes).
    Removing stm32f0xx_hal_tim_ex.o(i.HAL_TIMEx_PWMN_Start), (128 bytes).
    Removing stm32f0xx_hal_tim_ex.o(i.HAL_TIMEx_PWMN_Start_DMA), (320 bytes).
    Removing stm32f0xx_hal_tim_ex.o(i.HAL_TIMEx_PWMN_Start_IT), (160 bytes).
    Removing stm32f0xx_hal_tim_ex.o(i.HAL_TIMEx_PWMN_Stop), (108 bytes).
    Removing stm32f0xx_hal_tim_ex.o(i.HAL_TIMEx_PWMN_Stop_DMA), (176 bytes).
    Removing stm32f0xx_hal_tim_ex.o(i.HAL_TIMEx_PWMN_Stop_IT), (168 bytes).
    Removing stm32f0xx_hal_tim_ex.o(i.HAL_TIMEx_RemapConfig), (28 bytes).
    Removing stm32f0xx_hal_tim_ex.o(i.TIMEx_DMACommutationCplt), (16 bytes).
    Removing stm32f0xx_hal_tim_ex.o(i.TIMEx_DMACommutationHalfCplt), (16 bytes).
    Removing stm32f0xx_hal_tim_ex.o(i.TIM_CCxNChannelCmd), (26 bytes).
    Removing stm32f0xx_hal_tim_ex.o(i.TIM_DMADelayPulseNCplt), (80 bytes).
    Removing stm32f0xx_hal_tim_ex.o(i.TIM_DMAErrorCCxN), (62 bytes).
    Removing system_stm32f0xx.o(.rev16_text), (4 bytes).
    Removing system_stm32f0xx.o(.revsh_text), (4 bytes).
    Removing system_stm32f0xx.o(i.SystemCoreClockUpdate), (108 bytes).

432 unused section(s) (total 34621 bytes) removed from the image.

==============================================================================

Image Symbol Table

    Local Symbols

    Symbol Name                              Value     Ov Type        Size  Object(Section)

    ../Core/Src/adc.c                        0x00000000   Number         0  adc.o ABSOLUTE
    ../Core/Src/gpio.c                       0x00000000   Number         0  gpio.o ABSOLUTE
    ../Core/Src/main.c                       0x00000000   Number         0  main.o ABSOLUTE
    ../Core/Src/stm32f0xx_hal_msp.c          0x00000000   Number         0  stm32f0xx_hal_msp.o ABSOLUTE
    ../Core/Src/stm32f0xx_hal_timebase_tim.c 0x00000000   Number         0  stm32f0xx_hal_timebase_tim.o ABSOLUTE
    ../Core/Src/stm32f0xx_it.c               0x00000000   Number         0  stm32f0xx_it.o ABSOLUTE
    ../Core/Src/system_stm32f0xx.c           0x00000000   Number         0  system_stm32f0xx.o ABSOLUTE
    ../Core/Src/tim.c                        0x00000000   Number         0  tim.o ABSOLUTE
    ../Drivers/STM32F0xx_HAL_Driver/Src/stm32f0xx_hal.c 0x00000000   Number         0  stm32f0xx_hal.o ABSOLUTE
    ../Drivers/STM32F0xx_HAL_Driver/Src/stm32f0xx_hal_adc.c 0x00000000   Number         0  stm32f0xx_hal_adc.o ABSOLUTE
    ../Drivers/STM32F0xx_HAL_Driver/Src/stm32f0xx_hal_adc_ex.c 0x00000000   Number         0  stm32f0xx_hal_adc_ex.o ABSOLUTE
    ../Drivers/STM32F0xx_HAL_Driver/Src/stm32f0xx_hal_cortex.c 0x00000000   Number         0  stm32f0xx_hal_cortex.o ABSOLUTE
    ../Drivers/STM32F0xx_HAL_Driver/Src/stm32f0xx_hal_dma.c 0x00000000   Number         0  stm32f0xx_hal_dma.o ABSOLUTE
    ../Drivers/STM32F0xx_HAL_Driver/Src/stm32f0xx_hal_exti.c 0x00000000   Number         0  stm32f0xx_hal_exti.o ABSOLUTE
    ../Drivers/STM32F0xx_HAL_Driver/Src/stm32f0xx_hal_flash.c 0x00000000   Number         0  stm32f0xx_hal_flash.o ABSOLUTE
    ../Drivers/STM32F0xx_HAL_Driver/Src/stm32f0xx_hal_flash_ex.c 0x00000000   Number         0  stm32f0xx_hal_flash_ex.o ABSOLUTE
    ../Drivers/STM32F0xx_HAL_Driver/Src/stm32f0xx_hal_gpio.c 0x00000000   Number         0  stm32f0xx_hal_gpio.o ABSOLUTE
    ../Drivers/STM32F0xx_HAL_Driver/Src/stm32f0xx_hal_i2c.c 0x00000000   Number         0  stm32f0xx_hal_i2c.o ABSOLUTE
    ../Drivers/STM32F0xx_HAL_Driver/Src/stm32f0xx_hal_i2c_ex.c 0x00000000   Number         0  stm32f0xx_hal_i2c_ex.o ABSOLUTE
    ../Drivers/STM32F0xx_HAL_Driver/Src/stm32f0xx_hal_pwr.c 0x00000000   Number         0  stm32f0xx_hal_pwr.o ABSOLUTE
    ../Drivers/STM32F0xx_HAL_Driver/Src/stm32f0xx_hal_pwr_ex.c 0x00000000   Number         0  stm32f0xx_hal_pwr_ex.o ABSOLUTE
    ../Drivers/STM32F0xx_HAL_Driver/Src/stm32f0xx_hal_rcc.c 0x00000000   Number         0  stm32f0xx_hal_rcc.o ABSOLUTE
    ../Drivers/STM32F0xx_HAL_Driver/Src/stm32f0xx_hal_rcc_ex.c 0x00000000   Number         0  stm32f0xx_hal_rcc_ex.o ABSOLUTE
    ../Drivers/STM32F0xx_HAL_Driver/Src/stm32f0xx_hal_tim.c 0x00000000   Number         0  stm32f0xx_hal_tim.o ABSOLUTE
    ../Drivers/STM32F0xx_HAL_Driver/Src/stm32f0xx_hal_tim_ex.c 0x00000000   Number         0  stm32f0xx_hal_tim_ex.o ABSOLUTE
    ../clib/angel/boardlib.s                 0x00000000   Number         0  boardinit1.o ABSOLUTE
    ../clib/angel/boardlib.s                 0x00000000   Number         0  boardinit3.o ABSOLUTE
    ../clib/angel/boardlib.s                 0x00000000   Number         0  boardshut.o ABSOLUTE
    ../clib/angel/boardlib.s                 0x00000000   Number         0  boardinit2.o ABSOLUTE
    ../clib/angel/handlers.s                 0x00000000   Number         0  __scatter_zi.o ABSOLUTE
    ../clib/angel/handlers.s                 0x00000000   Number         0  __scatter_copy.o ABSOLUTE
    ../clib/angel/kernel.s                   0x00000000   Number         0  __rtentry4.o ABSOLUTE
    ../clib/angel/kernel.s                   0x00000000   Number         0  rtexit.o ABSOLUTE
    ../clib/angel/kernel.s                   0x00000000   Number         0  __rtentry.o ABSOLUTE
    ../clib/angel/kernel.s                   0x00000000   Number         0  rtexit2.o ABSOLUTE
    ../clib/angel/kernel.s                   0x00000000   Number         0  __rtentry2.o ABSOLUTE
    ../clib/angel/rt.s                       0x00000000   Number         0  aeabi_idiv0.o ABSOLUTE
    ../clib/angel/rt.s                       0x00000000   Number         0  rt_raise.o ABSOLUTE
    ../clib/angel/rt.s                       0x00000000   Number         0  aeabi_idiv0_sigfpe.o ABSOLUTE
    ../clib/angel/rt.s                       0x00000000   Number         0  aeabi_ldiv0.o ABSOLUTE
    ../clib/angel/rt.s                       0x00000000   Number         0  aeabi_ldiv0_sigfpe.o ABSOLUTE
    ../clib/angel/rt.s                       0x00000000   Number         0  rt_div0.o ABSOLUTE
    ../clib/angel/scatterp.s                 0x00000000   Number         0  __scatter.o ABSOLUTE
    ../clib/angel/startup.s                  0x00000000   Number         0  __main.o ABSOLUTE
    ../clib/angel/sys.s                      0x00000000   Number         0  use_no_semi.o ABSOLUTE
    ../clib/angel/sys.s                      0x00000000   Number         0  libspace.o ABSOLUTE
    ../clib/angel/sys.s                      0x00000000   Number         0  tempstk.o ABSOLUTE
    ../clib/angel/sys.s                      0x00000000   Number         0  indicate_semi.o ABSOLUTE
    ../clib/angel/sys.s                      0x00000000   Number         0  sys_stackheap_outer.o ABSOLUTE
    ../clib/angel/sysapp.c                   0x00000000   Number         0  sys_wrch.o ABSOLUTE
    ../clib/angel/sysapp.c                   0x00000000   Number         0  sys_command.o ABSOLUTE
    ../clib/angel/sysapp.c                   0x00000000   Number         0  sys_exit.o ABSOLUTE
    ../clib/armsys.c                         0x00000000   Number         0  argv_veneer.o ABSOLUTE
    ../clib/armsys.c                         0x00000000   Number         0  _get_argv_nomalloc.o ABSOLUTE
    ../clib/armsys.c                         0x00000000   Number         0  no_argv.o ABSOLUTE
    ../clib/division.c                       0x00000000   Number         0  lludiv.o ABSOLUTE
    ../clib/division.s                       0x00000000   Number         0  aeabi_sdiv.o ABSOLUTE
    ../clib/division.s                       0x00000000   Number         0  aeabi_sdiv_div0.o ABSOLUTE
    ../clib/heapalloc.c                      0x00000000   Number         0  hrguard.o ABSOLUTE
    ../clib/heapaux.c                        0x00000000   Number         0  heapauxi.o ABSOLUTE
    ../clib/libinit.s                        0x00000000   Number         0  libinit.o ABSOLUTE
    ../clib/libinit.s                        0x00000000   Number         0  libshutdown2.o ABSOLUTE
    ../clib/libinit.s                        0x00000000   Number         0  libshutdown.o ABSOLUTE
    ../clib/libinit.s                        0x00000000   Number         0  libinit2.o ABSOLUTE
    ../clib/longlong.c                       0x00000000   Number         0  llushr.o ABSOLUTE
    ../clib/memcpset.c                       0x00000000   Number         0  rt_memclr.o ABSOLUTE
    ../clib/signal.c                         0x00000000   Number         0  defsig_general.o ABSOLUTE
    ../clib/signal.c                         0x00000000   Number         0  __raise.o ABSOLUTE
    ../clib/signal.c                         0x00000000   Number         0  defsig_rtmem_inner.o ABSOLUTE
    ../clib/signal.c                         0x00000000   Number         0  defsig_rtred_inner.o ABSOLUTE
    ../clib/signal.c                         0x00000000   Number         0  defsig_abrt_inner.o ABSOLUTE
    ../clib/signal.c                         0x00000000   Number         0  defsig_segv_inner.o ABSOLUTE
    ../clib/signal.c                         0x00000000   Number         0  defsig_stak_inner.o ABSOLUTE
    ../clib/signal.c                         0x00000000   Number         0  defsig_rtmem_formal.o ABSOLUTE
    ../clib/signal.c                         0x00000000   Number         0  defsig_exit.o ABSOLUTE
    ../clib/signal.c                         0x00000000   Number         0  defsig_fpe_inner.o ABSOLUTE
    ../clib/signal.c                         0x00000000   Number         0  defsig_rtmem_outer.o ABSOLUTE
    ../clib/signal.c                         0x00000000   Number         0  defsig_other.o ABSOLUTE
    ../clib/signal.c                         0x00000000   Number         0  defsig_fpe_outer.o ABSOLUTE
    ../clib/signal.c                         0x00000000   Number         0  defsig_cppl_inner.o ABSOLUTE
    ../clib/signal.c                         0x00000000   Number         0  defsig_pvfn_inner.o ABSOLUTE
    ../clib/signal.c                         0x00000000   Number         0  defsig_fpe_formal.o ABSOLUTE
    ../clib/signal.s                         0x00000000   Number         0  defsig.o ABSOLUTE
    ../clib/stdlib.c                         0x00000000   Number         0  exit.o ABSOLUTE
    ../fplib/cfplib/fdiv.c                   0x00000000   Number         0  fdiv.o ABSOLUTE
    ../fplib/cfplib/ffix.c                   0x00000000   Number         0  ffixui.o ABSOLUTE
    ../fplib/cfplib/fflt.c                   0x00000000   Number         0  fflti.o ABSOLUTE
    ../fplib/cfplib/fpinit.c                 0x00000000   Number         0  fpinit.o ABSOLUTE
    ../fplib/faddsub6m.s                     0x00000000   Number         0  faddsub.o ABSOLUTE
    ../fplib/usenofp.s                       0x00000000   Number         0  usenofp.o ABSOLUTE
    ..\Core\Src\adc.c                        0x00000000   Number         0  adc.o ABSOLUTE
    ..\Core\Src\app.c                        0x00000000   Number         0  app.o ABSOLUTE
    ..\Core\Src\flash.c                      0x00000000   Number         0  flash.o ABSOLUTE
    ..\Core\Src\gpio.c                       0x00000000   Number         0  gpio.o ABSOLUTE
    ..\Core\Src\main.c                       0x00000000   Number         0  main.o ABSOLUTE
    ..\Core\Src\sm.c                         0x00000000   Number         0  sm.o ABSOLUTE
    ..\Core\Src\stm32f0xx_hal_msp.c          0x00000000   Number         0  stm32f0xx_hal_msp.o ABSOLUTE
    ..\Core\Src\stm32f0xx_hal_timebase_tim.c 0x00000000   Number         0  stm32f0xx_hal_timebase_tim.o ABSOLUTE
    ..\Core\Src\stm32f0xx_it.c               0x00000000   Number         0  stm32f0xx_it.o ABSOLUTE
    ..\Core\Src\system_stm32f0xx.c           0x00000000   Number         0  system_stm32f0xx.o ABSOLUTE
    ..\Core\Src\tim.c                        0x00000000   Number         0  tim.o ABSOLUTE
    ..\Drivers\STM32F0xx_HAL_Driver\Src\stm32f0xx_hal.c 0x00000000   Number         0  stm32f0xx_hal.o ABSOLUTE
    ..\Drivers\STM32F0xx_HAL_Driver\Src\stm32f0xx_hal_adc.c 0x00000000   Number         0  stm32f0xx_hal_adc.o ABSOLUTE
    ..\Drivers\STM32F0xx_HAL_Driver\Src\stm32f0xx_hal_adc_ex.c 0x00000000   Number         0  stm32f0xx_hal_adc_ex.o ABSOLUTE
    ..\Drivers\STM32F0xx_HAL_Driver\Src\stm32f0xx_hal_cortex.c 0x00000000   Number         0  stm32f0xx_hal_cortex.o ABSOLUTE
    ..\Drivers\STM32F0xx_HAL_Driver\Src\stm32f0xx_hal_dma.c 0x00000000   Number         0  stm32f0xx_hal_dma.o ABSOLUTE
    ..\Drivers\STM32F0xx_HAL_Driver\Src\stm32f0xx_hal_exti.c 0x00000000   Number         0  stm32f0xx_hal_exti.o ABSOLUTE
    ..\Drivers\STM32F0xx_HAL_Driver\Src\stm32f0xx_hal_flash.c 0x00000000   Number         0  stm32f0xx_hal_flash.o ABSOLUTE
    ..\Drivers\STM32F0xx_HAL_Driver\Src\stm32f0xx_hal_flash_ex.c 0x00000000   Number         0  stm32f0xx_hal_flash_ex.o ABSOLUTE
    ..\Drivers\STM32F0xx_HAL_Driver\Src\stm32f0xx_hal_gpio.c 0x00000000   Number         0  stm32f0xx_hal_gpio.o ABSOLUTE
    ..\Drivers\STM32F0xx_HAL_Driver\Src\stm32f0xx_hal_i2c.c 0x00000000   Number         0  stm32f0xx_hal_i2c.o ABSOLUTE
    ..\Drivers\STM32F0xx_HAL_Driver\Src\stm32f0xx_hal_i2c_ex.c 0x00000000   Number         0  stm32f0xx_hal_i2c_ex.o ABSOLUTE
    ..\Drivers\STM32F0xx_HAL_Driver\Src\stm32f0xx_hal_pwr.c 0x00000000   Number         0  stm32f0xx_hal_pwr.o ABSOLUTE
    ..\Drivers\STM32F0xx_HAL_Driver\Src\stm32f0xx_hal_pwr_ex.c 0x00000000   Number         0  stm32f0xx_hal_pwr_ex.o ABSOLUTE
    ..\Drivers\STM32F0xx_HAL_Driver\Src\stm32f0xx_hal_rcc.c 0x00000000   Number         0  stm32f0xx_hal_rcc.o ABSOLUTE
    ..\Drivers\STM32F0xx_HAL_Driver\Src\stm32f0xx_hal_rcc_ex.c 0x00000000   Number         0  stm32f0xx_hal_rcc_ex.o ABSOLUTE
    ..\Drivers\STM32F0xx_HAL_Driver\Src\stm32f0xx_hal_tim.c 0x00000000   Number         0  stm32f0xx_hal_tim.o ABSOLUTE
    ..\Drivers\STM32F0xx_HAL_Driver\Src\stm32f0xx_hal_tim_ex.c 0x00000000   Number         0  stm32f0xx_hal_tim_ex.o ABSOLUTE
    ..\\Core\\Src\\app.c                     0x00000000   Number         0  app.o ABSOLUTE
    ..\\Core\\Src\\flash.c                   0x00000000   Number         0  flash.o ABSOLUTE
    ..\\Core\\Src\\sm.c                      0x00000000   Number         0  sm.o ABSOLUTE
    dc.s                                     0x00000000   Number         0  dc.o ABSOLUTE
    startup_stm32f030x6.s                    0x00000000   Number         0  startup_stm32f030x6.o ABSOLUTE
    RESET                                    0x08000000   Section      176  startup_stm32f030x6.o(RESET)
    !!!main                                  0x080000b0   Section        8  __main.o(!!!main)
    !!!scatter                               0x080000b8   Section       60  __scatter.o(!!!scatter)
    !!handler_copy                           0x080000f4   Section       26  __scatter_copy.o(!!handler_copy)
    !!handler_zi                             0x08000110   Section       28  __scatter_zi.o(!!handler_zi)
    .ARM.Collect$$libinit$$00000000          0x0800012c   Section        2  libinit.o(.ARM.Collect$$libinit$$00000000)
    .ARM.Collect$$libinit$$00000002          0x0800012e   Section        0  libinit2.o(.ARM.Collect$$libinit$$00000002)
    .ARM.Collect$$libinit$$00000004          0x0800012e   Section        0  libinit2.o(.ARM.Collect$$libinit$$00000004)
    .ARM.Collect$$libinit$$0000000A          0x0800012e   Section        0  libinit2.o(.ARM.Collect$$libinit$$0000000A)
    .ARM.Collect$$libinit$$0000000C          0x0800012e   Section        0  libinit2.o(.ARM.Collect$$libinit$$0000000C)
    .ARM.Collect$$libinit$$0000000E          0x0800012e   Section        0  libinit2.o(.ARM.Collect$$libinit$$0000000E)
    .ARM.Collect$$libinit$$00000011          0x0800012e   Section        0  libinit2.o(.ARM.Collect$$libinit$$00000011)
    .ARM.Collect$$libinit$$00000013          0x0800012e   Section        0  libinit2.o(.ARM.Collect$$libinit$$00000013)
    .ARM.Collect$$libinit$$00000015          0x0800012e   Section        0  libinit2.o(.ARM.Collect$$libinit$$00000015)
    .ARM.Collect$$libinit$$00000017          0x0800012e   Section        0  libinit2.o(.ARM.Collect$$libinit$$00000017)
    .ARM.Collect$$libinit$$00000019          0x0800012e   Section        0  libinit2.o(.ARM.Collect$$libinit$$00000019)
    .ARM.Collect$$libinit$$0000001B          0x0800012e   Section        0  libinit2.o(.ARM.Collect$$libinit$$0000001B)
    .ARM.Collect$$libinit$$0000001D          0x0800012e   Section        0  libinit2.o(.ARM.Collect$$libinit$$0000001D)
    .ARM.Collect$$libinit$$0000001F          0x0800012e   Section        0  libinit2.o(.ARM.Collect$$libinit$$0000001F)
    .ARM.Collect$$libinit$$00000021          0x0800012e   Section        0  libinit2.o(.ARM.Collect$$libinit$$00000021)
    .ARM.Collect$$libinit$$00000023          0x0800012e   Section        0  libinit2.o(.ARM.Collect$$libinit$$00000023)
    .ARM.Collect$$libinit$$00000025          0x0800012e   Section        0  libinit2.o(.ARM.Collect$$libinit$$00000025)
    .ARM.Collect$$libinit$$0000002C          0x0800012e   Section        0  libinit2.o(.ARM.Collect$$libinit$$0000002C)
    .ARM.Collect$$libinit$$0000002E          0x0800012e   Section        0  libinit2.o(.ARM.Collect$$libinit$$0000002E)
    .ARM.Collect$$libinit$$00000030          0x0800012e   Section        0  libinit2.o(.ARM.Collect$$libinit$$00000030)
    .ARM.Collect$$libinit$$00000032          0x0800012e   Section        0  libinit2.o(.ARM.Collect$$libinit$$00000032)
    .ARM.Collect$$libinit$$00000033          0x0800012e   Section        2  libinit2.o(.ARM.Collect$$libinit$$00000033)
    .ARM.Collect$$libshutdown$$00000000      0x08000130   Section        2  libshutdown.o(.ARM.Collect$$libshutdown$$00000000)
    .ARM.Collect$$libshutdown$$00000002      0x08000132   Section        0  libshutdown2.o(.ARM.Collect$$libshutdown$$00000002)
    .ARM.Collect$$libshutdown$$00000004      0x08000132   Section        0  libshutdown2.o(.ARM.Collect$$libshutdown$$00000004)
    .ARM.Collect$$libshutdown$$00000007      0x08000132   Section        0  libshutdown2.o(.ARM.Collect$$libshutdown$$00000007)
    .ARM.Collect$$libshutdown$$0000000A      0x08000132   Section        0  libshutdown2.o(.ARM.Collect$$libshutdown$$0000000A)
    .ARM.Collect$$libshutdown$$0000000C      0x08000132   Section        0  libshutdown2.o(.ARM.Collect$$libshutdown$$0000000C)
    .ARM.Collect$$libshutdown$$0000000F      0x08000132   Section        0  libshutdown2.o(.ARM.Collect$$libshutdown$$0000000F)
    .ARM.Collect$$libshutdown$$00000010      0x08000132   Section        2  libshutdown2.o(.ARM.Collect$$libshutdown$$00000010)
    .ARM.Collect$$rtentry$$00000000          0x08000134   Section        0  __rtentry.o(.ARM.Collect$$rtentry$$00000000)
    .ARM.Collect$$rtentry$$00000002          0x08000134   Section        0  __rtentry2.o(.ARM.Collect$$rtentry$$00000002)
    .ARM.Collect$$rtentry$$00000004          0x08000134   Section        6  __rtentry4.o(.ARM.Collect$$rtentry$$00000004)
    .ARM.Collect$$rtentry$$00000009          0x0800013a   Section        0  __rtentry2.o(.ARM.Collect$$rtentry$$00000009)
    .ARM.Collect$$rtentry$$0000000A          0x0800013a   Section        4  __rtentry2.o(.ARM.Collect$$rtentry$$0000000A)
    .ARM.Collect$$rtentry$$0000000C          0x0800013e   Section        0  __rtentry2.o(.ARM.Collect$$rtentry$$0000000C)
    .ARM.Collect$$rtentry$$0000000D          0x0800013e   Section        8  __rtentry2.o(.ARM.Collect$$rtentry$$0000000D)
    .ARM.Collect$$rtexit$$00000000           0x08000146   Section        2  rtexit.o(.ARM.Collect$$rtexit$$00000000)
    .ARM.Collect$$rtexit$$00000002           0x08000148   Section        0  rtexit2.o(.ARM.Collect$$rtexit$$00000002)
    .ARM.Collect$$rtexit$$00000003           0x08000148   Section        4  rtexit2.o(.ARM.Collect$$rtexit$$00000003)
    .ARM.Collect$$rtexit$$00000004           0x0800014c   Section        6  rtexit2.o(.ARM.Collect$$rtexit$$00000004)
    .text                                    0x08000154   Section       56  startup_stm32f030x6.o(.text)
    .text                                    0x0800018c   Section        0  lludiv.o(.text)
    .text                                    0x0800028e   Section        0  rt_memclr.o(.text)
    .text                                    0x080002ce   Section      346  aeabi_sdiv.o(.text)
    .text                                    0x08000428   Section        0  heapauxi.o(.text)
    .text                                    0x08000430   Section        0  fdiv.o(.text)
    .text                                    0x08000590   Section        0  ffixui.o(.text)
    .text                                    0x080005c0   Section        0  fflti.o(.text)
    .text                                    0x0800061e   Section       62  sys_stackheap_outer.o(.text)
    .text                                    0x0800065c   Section        0  exit.o(.text)
    .text                                    0x0800066c   Section        8  libspace.o(.text)
    .text                                    0x08000674   Section        0  sys_exit.o(.text)
    .text                                    0x08000680   Section        2  use_no_semi.o(.text)
    .text                                    0x08000682   Section        0  indicate_semi.o(.text)
    i.ADC_ConversionStop                     0x08000682   Section        0  stm32f0xx_hal_adc.o(i.ADC_ConversionStop)
    ADC_ConversionStop                       0x08000683   Thumb Code    90  stm32f0xx_hal_adc.o(i.ADC_ConversionStop)
    i.ADC_Disable                            0x080006dc   Section        0  stm32f0xx_hal_adc.o(i.ADC_Disable)
    ADC_Disable                              0x080006dd   Thumb Code   110  stm32f0xx_hal_adc.o(i.ADC_Disable)
    i.ADC_Enable                             0x0800074c   Section        0  stm32f0xx_hal_adc.o(i.ADC_Enable)
    ADC_Enable                               0x0800074d   Thumb Code   130  stm32f0xx_hal_adc.o(i.ADC_Enable)
    i.ADC_Get_Value                          0x080007dc   Section        0  app.o(i.ADC_Get_Value)
    i.Alarm_Cancel                           0x080007fc   Section        0  app.o(i.Alarm_Cancel)
    i.Alarm_Process                          0x08000810   Section        0  app.o(i.Alarm_Process)
    i.Alarm_Start                            0x08000884   Section        0  app.o(i.Alarm_Start)
    i.DelayUs                                0x080008ac   Section        0  app.o(i.DelayUs)
    i.EXTI0_1_IRQHandler                     0x080008d2   Section        0  stm32f0xx_it.o(i.EXTI0_1_IRQHandler)
    i.EXTI2_3_IRQHandler                     0x080008dc   Section        0  stm32f0xx_it.o(i.EXTI2_3_IRQHandler)
    i.Error_Handler                          0x080008e6   Section        0  main.o(i.Error_Handler)
    i.HAL_ADCEx_Calibration_Start            0x080008ea   Section        0  stm32f0xx_hal_adc_ex.o(i.HAL_ADCEx_Calibration_Start)
    i.HAL_ADC_ConfigChannel                  0x080009a4   Section        0  stm32f0xx_hal_adc.o(i.HAL_ADC_ConfigChannel)
    i.HAL_ADC_GetValue                       0x08000ab4   Section        0  stm32f0xx_hal_adc.o(i.HAL_ADC_GetValue)
    i.HAL_ADC_Init                           0x08000abc   Section        0  stm32f0xx_hal_adc.o(i.HAL_ADC_Init)
    i.HAL_ADC_MspInit                        0x08000c34   Section        0  adc.o(i.HAL_ADC_MspInit)
    i.HAL_ADC_PollForConversion              0x08000c88   Section        0  stm32f0xx_hal_adc.o(i.HAL_ADC_PollForConversion)
    i.HAL_ADC_Start                          0x08000d50   Section        0  stm32f0xx_hal_adc.o(i.HAL_ADC_Start)
    i.HAL_ADC_Stop                           0x08000dac   Section        0  stm32f0xx_hal_adc.o(i.HAL_ADC_Stop)
    i.HAL_Delay                              0x08000dec   Section        0  stm32f0xx_hal.o(i.HAL_Delay)
    i.HAL_GPIO_EXTI_Callback                 0x08000e10   Section        0  main.o(i.HAL_GPIO_EXTI_Callback)
    i.HAL_GPIO_EXTI_IRQHandler               0x08000e78   Section        0  stm32f0xx_hal_gpio.o(i.HAL_GPIO_EXTI_IRQHandler)
    i.HAL_GPIO_Init                          0x08000e90   Section        0  stm32f0xx_hal_gpio.o(i.HAL_GPIO_Init)
    i.HAL_GPIO_ReadPin                       0x08001034   Section        0  stm32f0xx_hal_gpio.o(i.HAL_GPIO_ReadPin)
    i.HAL_GPIO_TogglePin                     0x0800103e   Section        0  stm32f0xx_hal_gpio.o(i.HAL_GPIO_TogglePin)
    i.HAL_GPIO_WritePin                      0x0800104e   Section        0  stm32f0xx_hal_gpio.o(i.HAL_GPIO_WritePin)
    i.HAL_GetTick                            0x0800105c   Section        0  stm32f0xx_hal.o(i.HAL_GetTick)
    i.HAL_IncTick                            0x08001068   Section        0  stm32f0xx_hal.o(i.HAL_IncTick)
    i.HAL_Init                               0x08001078   Section        0  stm32f0xx_hal.o(i.HAL_Init)
    i.HAL_InitTick                           0x08001098   Section        0  stm32f0xx_hal_timebase_tim.o(i.HAL_InitTick)
    i.HAL_MspInit                            0x08001134   Section        0  stm32f0xx_hal_msp.o(i.HAL_MspInit)
    i.HAL_NVIC_EnableIRQ                     0x0800115c   Section        0  stm32f0xx_hal_cortex.o(i.HAL_NVIC_EnableIRQ)
    i.HAL_NVIC_SetPriority                   0x08001174   Section        0  stm32f0xx_hal_cortex.o(i.HAL_NVIC_SetPriority)
    i.HAL_RCC_ClockConfig                    0x0800117c   Section        0  stm32f0xx_hal_rcc.o(i.HAL_RCC_ClockConfig)
    i.HAL_RCC_GetClockConfig                 0x08001284   Section        0  stm32f0xx_hal_rcc.o(i.HAL_RCC_GetClockConfig)
    i.HAL_RCC_GetPCLK1Freq                   0x080012bc   Section        0  stm32f0xx_hal_rcc.o(i.HAL_RCC_GetPCLK1Freq)
    i.HAL_RCC_GetSysClockFreq                0x080012dc   Section        0  stm32f0xx_hal_rcc.o(i.HAL_RCC_GetSysClockFreq)
    i.HAL_RCC_OscConfig                      0x08001330   Section        0  stm32f0xx_hal_rcc.o(i.HAL_RCC_OscConfig)
    i.HAL_TIMEx_BreakCallback                0x080016b8   Section        0  stm32f0xx_hal_tim_ex.o(i.HAL_TIMEx_BreakCallback)
    i.HAL_TIMEx_CommutCallback               0x080016ba   Section        0  stm32f0xx_hal_tim_ex.o(i.HAL_TIMEx_CommutCallback)
    i.HAL_TIM_Base_Init                      0x080016bc   Section        0  stm32f0xx_hal_tim.o(i.HAL_TIM_Base_Init)
    i.HAL_TIM_Base_MspInit                   0x08001704   Section        0  tim.o(i.HAL_TIM_Base_MspInit)
    i.HAL_TIM_Base_Start_IT                  0x08001764   Section        0  stm32f0xx_hal_tim.o(i.HAL_TIM_Base_Start_IT)
    i.HAL_TIM_Base_Stop_IT                   0x080017ac   Section        0  stm32f0xx_hal_tim.o(i.HAL_TIM_Base_Stop_IT)
    i.HAL_TIM_IC_CaptureCallback             0x080017e0   Section        0  stm32f0xx_hal_tim.o(i.HAL_TIM_IC_CaptureCallback)
    i.HAL_TIM_IRQHandler                     0x080017e2   Section        0  stm32f0xx_hal_tim.o(i.HAL_TIM_IRQHandler)
    i.HAL_TIM_OC_DelayElapsedCallback        0x0800190a   Section        0  stm32f0xx_hal_tim.o(i.HAL_TIM_OC_DelayElapsedCallback)
    i.HAL_TIM_PWM_PulseFinishedCallback      0x0800190c   Section        0  stm32f0xx_hal_tim.o(i.HAL_TIM_PWM_PulseFinishedCallback)
    i.HAL_TIM_PeriodElapsedCallback          0x08001910   Section        0  main.o(i.HAL_TIM_PeriodElapsedCallback)
    i.HAL_TIM_TriggerCallback                0x08001a44   Section        0  stm32f0xx_hal_tim.o(i.HAL_TIM_TriggerCallback)
    i.HardFault_Handler                      0x08001a46   Section        0  stm32f0xx_it.o(i.HardFault_Handler)
    i.Key_status_handler                     0x08001a48   Section        0  app.o(i.Key_status_handler)
    i.Keys_Scan                              0x08001a64   Section        0  app.o(i.Keys_Scan)
    i.Keys_handler                           0x08001a94   Section        0  app.o(i.Keys_handler)
    i.MX_ADC_Init                            0x08001ac4   Section        0  adc.o(i.MX_ADC_Init)
    i.MX_GPIO_Init                           0x08001b40   Section        0  gpio.o(i.MX_GPIO_Init)
    i.MX_TIM16_Init                          0x08001c6c   Section        0  tim.o(i.MX_TIM16_Init)
    i.MX_TIM17_Init                          0x08001ca0   Section        0  tim.o(i.MX_TIM17_Init)
    i.NMI_Handler                            0x08001cd8   Section        0  stm32f0xx_it.o(i.NMI_Handler)
    i.PendSV_Handler                         0x08001cda   Section        0  stm32f0xx_it.o(i.PendSV_Handler)
    i.SVC_Handler                            0x08001cdc   Section        0  stm32f0xx_it.o(i.SVC_Handler)
    i.SysTick_Handler                        0x08001cde   Section        0  stm32f0xx_it.o(i.SysTick_Handler)
    i.SystemClock_Config                     0x08001ce0   Section        0  main.o(i.SystemClock_Config)
    i.SystemInit                             0x08001d34   Section        0  system_stm32f0xx.o(i.SystemInit)
    i.System_Init                            0x08001d38   Section        0  app.o(i.System_Init)
    i.TIM16_IRQHandler                       0x08001d90   Section        0  stm32f0xx_it.o(i.TIM16_IRQHandler)
    i.TIM17_IRQHandler                       0x08001da0   Section        0  stm32f0xx_it.o(i.TIM17_IRQHandler)
    i.TIM1_BRK_UP_TRG_COM_IRQHandler         0x08001db0   Section        0  stm32f0xx_it.o(i.TIM1_BRK_UP_TRG_COM_IRQHandler)
    i.TIM_Base_SetConfig                     0x08001dc0   Section        0  stm32f0xx_hal_tim.o(i.TIM_Base_SetConfig)
    i.WaterDispenser_Eventhandler            0x08001e48   Section        0  sm.o(i.WaterDispenser_Eventhandler)
    i.__ARM_common_ll_muluu                  0x08001e80   Section        0  stm32f0xx_hal_rcc.o(i.__ARM_common_ll_muluu)
    i.__ARM_common_switch8                   0x08001eb0   Section        0  app.o(i.__ARM_common_switch8)
    i.__NVIC_SetPriority                     0x08001ecc   Section        0  stm32f0xx_hal_cortex.o(i.__NVIC_SetPriority)
    __NVIC_SetPriority                       0x08001ecd   Thumb Code    60  stm32f0xx_hal_cortex.o(i.__NVIC_SetPriority)
    i.change_target_temper                   0x08001f10   Section        0  sm.o(i.change_target_temper)
    i.clear_water                            0x08001f34   Section        0  sm.o(i.clear_water)
    i.disinfect_alarm_timeout                0x08001f58   Section        0  app.o(i.disinfect_alarm_timeout)
    i.display                                0x08001f7c   Section        0  app.o(i.display)
    i.dry_burning_handle                     0x08002490   Section        0  sm.o(i.dry_burning_handle)
    i.enter_disinfection                     0x08002494   Section        0  sm.o(i.enter_disinfection)
    i.enter_idle                             0x080024ec   Section        0  sm.o(i.enter_idle)
    i.enter_lock                             0x08002514   Section        0  sm.o(i.enter_lock)
    i.enter_preheat                          0x08002560   Section        0  sm.o(i.enter_preheat)
    i.enter_water_out                        0x080025a0   Section        0  sm.o(i.enter_water_out)
    i.exit_disinfection                      0x08002610   Section        0  sm.o(i.exit_disinfection)
    i.exit_idle                              0x0800264c   Section        0  sm.o(i.exit_idle)
    i.exit_lock                              0x0800265c   Section        0  sm.o(i.exit_lock)
    i.exit_preheat                           0x08002660   Section        0  sm.o(i.exit_preheat)
    i.exit_water_out                         0x08002670   Section        0  sm.o(i.exit_water_out)
    i.get_key_io_level                       0x08002674   Section        0  app.o(i.get_key_io_level)
    i.get_ptc_temper                         0x080026ac   Section        0  app.o(i.get_ptc_temper)
    i.idle_alarm_timeout                     0x08002730   Section        0  app.o(i.idle_alarm_timeout)
    i.led_blink                              0x08002740   Section        0  app.o(i.led_blink)
    i.lock_alarm_timeout                     0x080027ac   Section        0  app.o(i.lock_alarm_timeout)
    i.main                                   0x080027b0   Section        0  main.o(i.main)
    i.preheat_alarm_timeout                  0x080027fc   Section        0  app.o(i.preheat_alarm_timeout)
    i.safety_check                           0x08002814   Section        0  app.o(i.safety_check)
    i.set_all_leds_status                    0x08002864   Section        0  app.o(i.set_all_leds_status)
    i.set_led_status                         0x08002898   Section        0  app.o(i.set_led_status)
    i.single_key_Scan                        0x080028f0   Section        0  app.o(i.single_key_Scan)
    x$fpl$fadd                               0x08002914   Section      140  faddsub.o(x$fpl$fadd)
    _fadd1                                   0x08002921   Thumb Code     0  faddsub.o(x$fpl$fadd)
    x$fpl$fsub                               0x080029a0   Section      208  faddsub.o(x$fpl$fsub)
    _fsub1                                   0x080029ad   Thumb Code     0  faddsub.o(x$fpl$fsub)
    .constdata                               0x08002a70   Section      580  app.o(.constdata)
    x$fpl$usenofp                            0x08002a70   Section        0  usenofp.o(x$fpl$usenofp)
    temptab                                  0x08002a70   Data         400  app.o(.constdata)
    .constdata                               0x08002cb4   Section       18  sm.o(.constdata)
    state_table_idle                         0x08002cb4   Data          18  sm.o(.constdata)
    .constdata                               0x08002cc6   Section       18  sm.o(.constdata)
    state_table_child_lock                   0x08002cc6   Data          18  sm.o(.constdata)
    .constdata                               0x08002cd8   Section       18  sm.o(.constdata)
    state_table_water_out                    0x08002cd8   Data          18  sm.o(.constdata)
    .constdata                               0x08002cea   Section       18  sm.o(.constdata)
    state_table_pre_heatting                 0x08002cea   Data          18  sm.o(.constdata)
    .constdata                               0x08002cfc   Section       18  sm.o(.constdata)
    state_table_disinfection                 0x08002cfc   Data          18  sm.o(.constdata)
    .constdata                               0x08002d10   Section       76  sm.o(.constdata)
    st_tbl                                   0x08002d10   Data          20  sm.o(.constdata)
    .constdata                               0x08002d5c   Section       32  stm32f0xx_hal_rcc.o(.constdata)
    aPLLMULFactorTable                       0x08002d5c   Data          16  stm32f0xx_hal_rcc.o(.constdata)
    aPredivFactorTable                       0x08002d6c   Data          16  stm32f0xx_hal_rcc.o(.constdata)
    .constdata                               0x08002d7c   Section       16  system_stm32f0xx.o(.constdata)
    .constdata                               0x08002d8c   Section        8  system_stm32f0xx.o(.constdata)
    .constdata                               0x08002d94   Section       64  fdiv.o(.constdata)
    fdiv_tab                                 0x08002d94   Data          64  fdiv.o(.constdata)
    .data                                    0x20000000   Section       90  app.o(.data)
    .data                                    0x2000005a   Section        1  app.o(.data)
    .data                                    0x2000005b   Section        1  app.o(.data)
    .data                                    0x2000005c   Section        2  app.o(.data)
    .data                                    0x2000005e   Section        2  app.o(.data)
    .data                                    0x20000060   Section        2  app.o(.data)
    .data                                    0x20000062   Section        6  app.o(.data)
    .data                                    0x20000068   Section        4  app.o(.data)
    .data                                    0x2000006c   Section       12  stm32f0xx_hal.o(.data)
    .data                                    0x20000078   Section        4  system_stm32f0xx.o(.data)
    .bss                                     0x2000007c   Section       70  app.o(.bss)
    .bss                                     0x200000c4   Section       64  adc.o(.bss)
    .bss                                     0x20000104   Section      144  tim.o(.bss)
    .bss                                     0x20000194   Section       72  stm32f0xx_hal_timebase_tim.o(.bss)
    .bss                                     0x200001dc   Section       96  libspace.o(.bss)
    HEAP                                     0x20000240   Section      512  startup_stm32f030x6.o(HEAP)
    Heap_Mem                                 0x20000240   Data         512  startup_stm32f030x6.o(HEAP)
    STACK                                    0x20000440   Section     1024  startup_stm32f030x6.o(STACK)
    Stack_Mem                                0x20000440   Data        1024  startup_stm32f030x6.o(STACK)
    __initial_sp                             0x20000840   Data           0  startup_stm32f030x6.o(STACK)

    Global Symbols

    Symbol Name                              Value     Ov Type        Size  Object(Section)

    BuildAttributes$$THM_ISAv3M$S$PE$A:L22$X:L11$S22$IEEE1$IW$USESV6$~STKCKD$USESV7$~SHL$OSPACE$ROPI$EBA8$UX$STANDARDLIB$REQ8$PRES8$EABIv2 0x00000000   Number         0  anon$$obj.o ABSOLUTE
    __ARM_use_no_argv                        0x00000000   Number         0  main.o ABSOLUTE
    __ARM_exceptions_init                     - Undefined Weak Reference
    __alloca_initialize                       - Undefined Weak Reference
    __arm_preinit_                            - Undefined Weak Reference
    __cpp_initialize__aeabi_                  - Undefined Weak Reference
    __cxa_finalize                            - Undefined Weak Reference
    __rt_locale                               - Undefined Weak Reference
    __sigvec_lookup                           - Undefined Weak Reference
    _atexit_init                              - Undefined Weak Reference
    _call_atexit_fns                          - Undefined Weak Reference
    _clock_init                               - Undefined Weak Reference
    _fp_trap_init                             - Undefined Weak Reference
    _fp_trap_shutdown                         - Undefined Weak Reference
    _get_lc_collate                           - Undefined Weak Reference
    _get_lc_ctype                             - Undefined Weak Reference
    _get_lc_monetary                          - Undefined Weak Reference
    _get_lc_numeric                           - Undefined Weak Reference
    _get_lc_time                              - Undefined Weak Reference
    _getenv_init                              - Undefined Weak Reference
    _handle_redirection                       - Undefined Weak Reference
    _init_alloc                               - Undefined Weak Reference
    _init_user_alloc                          - Undefined Weak Reference
    _initio                                   - Undefined Weak Reference
    _rand_init                                - Undefined Weak Reference
    _signal_finish                            - Undefined Weak Reference
    _signal_init                              - Undefined Weak Reference
    _terminate_alloc                          - Undefined Weak Reference
    _terminate_user_alloc                     - Undefined Weak Reference
    _terminateio                              - Undefined Weak Reference
    __Vectors_Size                           0x000000b0   Number         0  startup_stm32f030x6.o ABSOLUTE
    __Vectors                                0x08000000   Data           4  startup_stm32f030x6.o(RESET)
    __Vectors_End                            0x080000b0   Data           0  startup_stm32f030x6.o(RESET)
    __main                                   0x080000b1   Thumb Code     8  __main.o(!!!main)
    __scatterload                            0x080000b9   Thumb Code     0  __scatter.o(!!!scatter)
    __scatterload_rt2                        0x080000b9   Thumb Code    52  __scatter.o(!!!scatter)
    __scatterload_rt2_thumb_only             0x080000b9   Thumb Code     0  __scatter.o(!!!scatter)
    __scatterload_null                       0x080000c9   Thumb Code     0  __scatter.o(!!!scatter)
    __scatterload_copy                       0x080000f5   Thumb Code    26  __scatter_copy.o(!!handler_copy)
    __scatterload_zeroinit                   0x08000111   Thumb Code    28  __scatter_zi.o(!!handler_zi)
    __rt_lib_init                            0x0800012d   Thumb Code     0  libinit.o(.ARM.Collect$$libinit$$00000000)
    __rt_lib_init_alloca_1                   0x0800012f   Thumb Code     0  libinit2.o(.ARM.Collect$$libinit$$0000002E)
    __rt_lib_init_argv_1                     0x0800012f   Thumb Code     0  libinit2.o(.ARM.Collect$$libinit$$0000002C)
    __rt_lib_init_atexit_1                   0x0800012f   Thumb Code     0  libinit2.o(.ARM.Collect$$libinit$$0000001B)
    __rt_lib_init_clock_1                    0x0800012f   Thumb Code     0  libinit2.o(.ARM.Collect$$libinit$$00000021)
    __rt_lib_init_cpp_1                      0x0800012f   Thumb Code     0  libinit2.o(.ARM.Collect$$libinit$$00000032)
    __rt_lib_init_exceptions_1               0x0800012f   Thumb Code     0  libinit2.o(.ARM.Collect$$libinit$$00000030)
    __rt_lib_init_fp_1                       0x0800012f   Thumb Code     0  libinit2.o(.ARM.Collect$$libinit$$00000002)
    __rt_lib_init_fp_trap_1                  0x0800012f   Thumb Code     0  libinit2.o(.ARM.Collect$$libinit$$0000001F)
    __rt_lib_init_getenv_1                   0x0800012f   Thumb Code     0  libinit2.o(.ARM.Collect$$libinit$$00000023)
    __rt_lib_init_heap_1                     0x0800012f   Thumb Code     0  libinit2.o(.ARM.Collect$$libinit$$0000000A)
    __rt_lib_init_lc_collate_1               0x0800012f   Thumb Code     0  libinit2.o(.ARM.Collect$$libinit$$00000011)
    __rt_lib_init_lc_ctype_1                 0x0800012f   Thumb Code     0  libinit2.o(.ARM.Collect$$libinit$$00000013)
    __rt_lib_init_lc_monetary_1              0x0800012f   Thumb Code     0  libinit2.o(.ARM.Collect$$libinit$$00000015)
    __rt_lib_init_lc_numeric_1               0x0800012f   Thumb Code     0  libinit2.o(.ARM.Collect$$libinit$$00000017)
    __rt_lib_init_lc_time_1                  0x0800012f   Thumb Code     0  libinit2.o(.ARM.Collect$$libinit$$00000019)
    __rt_lib_init_preinit_1                  0x0800012f   Thumb Code     0  libinit2.o(.ARM.Collect$$libinit$$00000004)
    __rt_lib_init_rand_1                     0x0800012f   Thumb Code     0  libinit2.o(.ARM.Collect$$libinit$$0000000E)
    __rt_lib_init_return                     0x0800012f   Thumb Code     0  libinit2.o(.ARM.Collect$$libinit$$00000033)
    __rt_lib_init_signal_1                   0x0800012f   Thumb Code     0  libinit2.o(.ARM.Collect$$libinit$$0000001D)
    __rt_lib_init_stdio_1                    0x0800012f   Thumb Code     0  libinit2.o(.ARM.Collect$$libinit$$00000025)
    __rt_lib_init_user_alloc_1               0x0800012f   Thumb Code     0  libinit2.o(.ARM.Collect$$libinit$$0000000C)
    __rt_lib_shutdown                        0x08000131   Thumb Code     0  libshutdown.o(.ARM.Collect$$libshutdown$$00000000)
    __rt_lib_shutdown_cpp_1                  0x08000133   Thumb Code     0  libshutdown2.o(.ARM.Collect$$libshutdown$$00000002)
    __rt_lib_shutdown_fp_trap_1              0x08000133   Thumb Code     0  libshutdown2.o(.ARM.Collect$$libshutdown$$00000007)
    __rt_lib_shutdown_heap_1                 0x08000133   Thumb Code     0  libshutdown2.o(.ARM.Collect$$libshutdown$$0000000F)
    __rt_lib_shutdown_return                 0x08000133   Thumb Code     0  libshutdown2.o(.ARM.Collect$$libshutdown$$00000010)
    __rt_lib_shutdown_signal_1               0x08000133   Thumb Code     0  libshutdown2.o(.ARM.Collect$$libshutdown$$0000000A)
    __rt_lib_shutdown_stdio_1                0x08000133   Thumb Code     0  libshutdown2.o(.ARM.Collect$$libshutdown$$00000004)
    __rt_lib_shutdown_user_alloc_1           0x08000133   Thumb Code     0  libshutdown2.o(.ARM.Collect$$libshutdown$$0000000C)
    __rt_entry                               0x08000135   Thumb Code     0  __rtentry.o(.ARM.Collect$$rtentry$$00000000)
    __rt_entry_presh_1                       0x08000135   Thumb Code     0  __rtentry2.o(.ARM.Collect$$rtentry$$00000002)
    __rt_entry_sh                            0x08000135   Thumb Code     0  __rtentry4.o(.ARM.Collect$$rtentry$$00000004)
    __rt_entry_li                            0x0800013b   Thumb Code     0  __rtentry2.o(.ARM.Collect$$rtentry$$0000000A)
    __rt_entry_postsh_1                      0x0800013b   Thumb Code     0  __rtentry2.o(.ARM.Collect$$rtentry$$00000009)
    __rt_entry_main                          0x0800013f   Thumb Code     0  __rtentry2.o(.ARM.Collect$$rtentry$$0000000D)
    __rt_entry_postli_1                      0x0800013f   Thumb Code     0  __rtentry2.o(.ARM.Collect$$rtentry$$0000000C)
    __rt_exit                                0x08000147   Thumb Code     0  rtexit.o(.ARM.Collect$$rtexit$$00000000)
    __rt_exit_ls                             0x08000149   Thumb Code     0  rtexit2.o(.ARM.Collect$$rtexit$$00000003)
    __rt_exit_prels_1                        0x08000149   Thumb Code     0  rtexit2.o(.ARM.Collect$$rtexit$$00000002)
    __rt_exit_exit                           0x0800014d   Thumb Code     0  rtexit2.o(.ARM.Collect$$rtexit$$00000004)
    Reset_Handler                            0x08000155   Thumb Code     8  startup_stm32f030x6.o(.text)
    ADC1_IRQHandler                          0x08000167   Thumb Code     0  startup_stm32f030x6.o(.text)
    DMA1_Channel1_IRQHandler                 0x08000167   Thumb Code     0  startup_stm32f030x6.o(.text)
    DMA1_Channel2_3_IRQHandler               0x08000167   Thumb Code     0  startup_stm32f030x6.o(.text)
    DMA1_Channel4_5_IRQHandler               0x08000167   Thumb Code     0  startup_stm32f030x6.o(.text)
    EXTI4_15_IRQHandler                      0x08000167   Thumb Code     0  startup_stm32f030x6.o(.text)
    FLASH_IRQHandler                         0x08000167   Thumb Code     0  startup_stm32f030x6.o(.text)
    I2C1_IRQHandler                          0x08000167   Thumb Code     0  startup_stm32f030x6.o(.text)
    RCC_IRQHandler                           0x08000167   Thumb Code     0  startup_stm32f030x6.o(.text)
    RTC_IRQHandler                           0x08000167   Thumb Code     0  startup_stm32f030x6.o(.text)
    SPI1_IRQHandler                          0x08000167   Thumb Code     0  startup_stm32f030x6.o(.text)
    TIM14_IRQHandler                         0x08000167   Thumb Code     0  startup_stm32f030x6.o(.text)
    TIM1_CC_IRQHandler                       0x08000167   Thumb Code     0  startup_stm32f030x6.o(.text)
    TIM3_IRQHandler                          0x08000167   Thumb Code     0  startup_stm32f030x6.o(.text)
    USART1_IRQHandler                        0x08000167   Thumb Code     0  startup_stm32f030x6.o(.text)
    WWDG_IRQHandler                          0x08000167   Thumb Code     0  startup_stm32f030x6.o(.text)
    __user_initial_stackheap                 0x08000169   Thumb Code     0  startup_stm32f030x6.o(.text)
    __aeabi_uldivmod                         0x0800018d   Thumb Code   258  lludiv.o(.text)
    _ll_udiv                                 0x0800018d   Thumb Code     0  lludiv.o(.text)
    _memset_w                                0x0800028f   Thumb Code    26  rt_memclr.o(.text)
    _memset                                  0x080002a9   Thumb Code    30  rt_memclr.o(.text)
    __aeabi_memclr                           0x080002c7   Thumb Code     4  rt_memclr.o(.text)
    __rt_memclr                              0x080002c7   Thumb Code     0  rt_memclr.o(.text)
    __aeabi_memclr4                          0x080002cb   Thumb Code     0  rt_memclr.o(.text)
    __aeabi_memclr8                          0x080002cb   Thumb Code     0  rt_memclr.o(.text)
    __rt_memclr_w                            0x080002cb   Thumb Code     4  rt_memclr.o(.text)
    __aeabi_uidiv                            0x080002cf   Thumb Code     0  aeabi_sdiv.o(.text)
    __aeabi_uidivmod                         0x080002cf   Thumb Code    20  aeabi_sdiv.o(.text)
    __aeabi_idiv                             0x080002e3   Thumb Code     0  aeabi_sdiv.o(.text)
    __aeabi_idivmod                          0x080002e3   Thumb Code   326  aeabi_sdiv.o(.text)
    __use_two_region_memory                  0x08000429   Thumb Code     2  heapauxi.o(.text)
    __rt_heap_escrow$2region                 0x0800042b   Thumb Code     2  heapauxi.o(.text)
    __rt_heap_expand$2region                 0x0800042d   Thumb Code     2  heapauxi.o(.text)
    __aeabi_fdiv                             0x08000431   Thumb Code     0  fdiv.o(.text)
    _fdiv                                    0x08000431   Thumb Code   334  fdiv.o(.text)
    _frdiv                                   0x0800057f   Thumb Code     8  fdiv.o(.text)
    __aeabi_f2uiz                            0x08000591   Thumb Code     0  ffixui.o(.text)
    _ffixu                                   0x08000591   Thumb Code    48  ffixui.o(.text)
    __aeabi_i2f_normalise                    0x080005c1   Thumb Code    72  fflti.o(.text)
    __aeabi_i2f                              0x08000609   Thumb Code    16  fflti.o(.text)
    _fflt                                    0x08000609   Thumb Code     0  fflti.o(.text)
    __aeabi_ui2f                             0x08000619   Thumb Code     6  fflti.o(.text)
    _ffltu                                   0x08000619   Thumb Code     0  fflti.o(.text)
    __user_setup_stackheap                   0x0800061f   Thumb Code    62  sys_stackheap_outer.o(.text)
    exit                                     0x0800065d   Thumb Code    16  exit.o(.text)
    __user_libspace                          0x0800066d   Thumb Code     8  libspace.o(.text)
    __user_perproc_libspace                  0x0800066d   Thumb Code     0  libspace.o(.text)
    __user_perthread_libspace                0x0800066d   Thumb Code     0  libspace.o(.text)
    _sys_exit                                0x08000675   Thumb Code     8  sys_exit.o(.text)
    __I$use$semihosting                      0x08000681   Thumb Code     0  use_no_semi.o(.text)
    __use_no_semihosting_swi                 0x08000681   Thumb Code     2  use_no_semi.o(.text)
    __semihosting_library_function           0x08000683   Thumb Code     0  indicate_semi.o(.text)
    ADC_Get_Value                            0x080007dd   Thumb Code    24  app.o(i.ADC_Get_Value)
    Alarm_Cancel                             0x080007fd   Thumb Code    20  app.o(i.Alarm_Cancel)
    Alarm_Process                            0x08000811   Thumb Code   108  app.o(i.Alarm_Process)
    Alarm_Start                              0x08000885   Thumb Code    34  app.o(i.Alarm_Start)
    DelayUs                                  0x080008ad   Thumb Code    38  app.o(i.DelayUs)
    EXTI0_1_IRQHandler                       0x080008d3   Thumb Code    10  stm32f0xx_it.o(i.EXTI0_1_IRQHandler)
    EXTI2_3_IRQHandler                       0x080008dd   Thumb Code    10  stm32f0xx_it.o(i.EXTI2_3_IRQHandler)
    Error_Handler                            0x080008e7   Thumb Code     4  main.o(i.Error_Handler)
    HAL_ADCEx_Calibration_Start              0x080008eb   Thumb Code   184  stm32f0xx_hal_adc_ex.o(i.HAL_ADCEx_Calibration_Start)
    HAL_ADC_ConfigChannel                    0x080009a5   Thumb Code   254  stm32f0xx_hal_adc.o(i.HAL_ADC_ConfigChannel)
    HAL_ADC_GetValue                         0x08000ab5   Thumb Code     6  stm32f0xx_hal_adc.o(i.HAL_ADC_GetValue)
    HAL_ADC_Init                             0x08000abd   Thumb Code   366  stm32f0xx_hal_adc.o(i.HAL_ADC_Init)
    HAL_ADC_MspInit                          0x08000c35   Thumb Code    76  adc.o(i.HAL_ADC_MspInit)
    HAL_ADC_PollForConversion                0x08000c89   Thumb Code   198  stm32f0xx_hal_adc.o(i.HAL_ADC_PollForConversion)
    HAL_ADC_Start                            0x08000d51   Thumb Code    86  stm32f0xx_hal_adc.o(i.HAL_ADC_Start)
    HAL_ADC_Stop                             0x08000dad   Thumb Code    62  stm32f0xx_hal_adc.o(i.HAL_ADC_Stop)
    HAL_Delay                                0x08000ded   Thumb Code    32  stm32f0xx_hal.o(i.HAL_Delay)
    HAL_GPIO_EXTI_Callback                   0x08000e11   Thumb Code    84  main.o(i.HAL_GPIO_EXTI_Callback)
    HAL_GPIO_EXTI_IRQHandler                 0x08000e79   Thumb Code    18  stm32f0xx_hal_gpio.o(i.HAL_GPIO_EXTI_IRQHandler)
    HAL_GPIO_Init                            0x08000e91   Thumb Code   396  stm32f0xx_hal_gpio.o(i.HAL_GPIO_Init)
    HAL_GPIO_ReadPin                         0x08001035   Thumb Code    10  stm32f0xx_hal_gpio.o(i.HAL_GPIO_ReadPin)
    HAL_GPIO_TogglePin                       0x0800103f   Thumb Code    16  stm32f0xx_hal_gpio.o(i.HAL_GPIO_TogglePin)
    HAL_GPIO_WritePin                        0x0800104f   Thumb Code    12  stm32f0xx_hal_gpio.o(i.HAL_GPIO_WritePin)
    HAL_GetTick                              0x0800105d   Thumb Code     6  stm32f0xx_hal.o(i.HAL_GetTick)
    HAL_IncTick                              0x08001069   Thumb Code    12  stm32f0xx_hal.o(i.HAL_IncTick)
    HAL_Init                                 0x08001079   Thumb Code    26  stm32f0xx_hal.o(i.HAL_Init)
    HAL_InitTick                             0x08001099   Thumb Code   130  stm32f0xx_hal_timebase_tim.o(i.HAL_InitTick)
    HAL_MspInit                              0x08001135   Thumb Code    34  stm32f0xx_hal_msp.o(i.HAL_MspInit)
    HAL_NVIC_EnableIRQ                       0x0800115d   Thumb Code    18  stm32f0xx_hal_cortex.o(i.HAL_NVIC_EnableIRQ)
    HAL_NVIC_SetPriority                     0x08001175   Thumb Code     8  stm32f0xx_hal_cortex.o(i.HAL_NVIC_SetPriority)
    HAL_RCC_ClockConfig                      0x0800117d   Thumb Code   242  stm32f0xx_hal_rcc.o(i.HAL_RCC_ClockConfig)
    HAL_RCC_GetClockConfig                   0x08001285   Thumb Code    46  stm32f0xx_hal_rcc.o(i.HAL_RCC_GetClockConfig)
    HAL_RCC_GetPCLK1Freq                     0x080012bd   Thumb Code    20  stm32f0xx_hal_rcc.o(i.HAL_RCC_GetPCLK1Freq)
    HAL_RCC_GetSysClockFreq                  0x080012dd   Thumb Code    68  stm32f0xx_hal_rcc.o(i.HAL_RCC_GetSysClockFreq)
    HAL_RCC_OscConfig                        0x08001331   Thumb Code   890  stm32f0xx_hal_rcc.o(i.HAL_RCC_OscConfig)
    HAL_TIMEx_BreakCallback                  0x080016b9   Thumb Code     2  stm32f0xx_hal_tim_ex.o(i.HAL_TIMEx_BreakCallback)
    HAL_TIMEx_CommutCallback                 0x080016bb   Thumb Code     2  stm32f0xx_hal_tim_ex.o(i.HAL_TIMEx_CommutCallback)
    HAL_TIM_Base_Init                        0x080016bd   Thumb Code    72  stm32f0xx_hal_tim.o(i.HAL_TIM_Base_Init)
    HAL_TIM_Base_MspInit                     0x08001705   Thumb Code    82  tim.o(i.HAL_TIM_Base_MspInit)
    HAL_TIM_Base_Start_IT                    0x08001765   Thumb Code    62  stm32f0xx_hal_tim.o(i.HAL_TIM_Base_Start_IT)
    HAL_TIM_Base_Stop_IT                     0x080017ad   Thumb Code    46  stm32f0xx_hal_tim.o(i.HAL_TIM_Base_Stop_IT)
    HAL_TIM_IC_CaptureCallback               0x080017e1   Thumb Code     2  stm32f0xx_hal_tim.o(i.HAL_TIM_IC_CaptureCallback)
    HAL_TIM_IRQHandler                       0x080017e3   Thumb Code   296  stm32f0xx_hal_tim.o(i.HAL_TIM_IRQHandler)
    HAL_TIM_OC_DelayElapsedCallback          0x0800190b   Thumb Code     2  stm32f0xx_hal_tim.o(i.HAL_TIM_OC_DelayElapsedCallback)
    HAL_TIM_PWM_PulseFinishedCallback        0x0800190d   Thumb Code     2  stm32f0xx_hal_tim.o(i.HAL_TIM_PWM_PulseFinishedCallback)
    HAL_TIM_PeriodElapsedCallback            0x08001911   Thumb Code   242  main.o(i.HAL_TIM_PeriodElapsedCallback)
    HAL_TIM_TriggerCallback                  0x08001a45   Thumb Code     2  stm32f0xx_hal_tim.o(i.HAL_TIM_TriggerCallback)
    HardFault_Handler                        0x08001a47   Thumb Code     2  stm32f0xx_it.o(i.HardFault_Handler)
    Key_status_handler                       0x08001a49   Thumb Code    22  app.o(i.Key_status_handler)
    Keys_Scan                                0x08001a65   Thumb Code    42  app.o(i.Keys_Scan)
    Keys_handler                             0x08001a95   Thumb Code    42  app.o(i.Keys_handler)
    MX_ADC_Init                              0x08001ac5   Thumb Code   114  adc.o(i.MX_ADC_Init)
    MX_GPIO_Init                             0x08001b41   Thumb Code   278  gpio.o(i.MX_GPIO_Init)
    MX_TIM16_Init                            0x08001c6d   Thumb Code    44  tim.o(i.MX_TIM16_Init)
    MX_TIM17_Init                            0x08001ca1   Thumb Code    42  tim.o(i.MX_TIM17_Init)
    NMI_Handler                              0x08001cd9   Thumb Code     2  stm32f0xx_it.o(i.NMI_Handler)
    PendSV_Handler                           0x08001cdb   Thumb Code     2  stm32f0xx_it.o(i.PendSV_Handler)
    SVC_Handler                              0x08001cdd   Thumb Code     2  stm32f0xx_it.o(i.SVC_Handler)
    SysTick_Handler                          0x08001cdf   Thumb Code     2  stm32f0xx_it.o(i.SysTick_Handler)
    SystemClock_Config                       0x08001ce1   Thumb Code    84  main.o(i.SystemClock_Config)
    SystemInit                               0x08001d35   Thumb Code     2  system_stm32f0xx.o(i.SystemInit)
    System_Init                              0x08001d39   Thumb Code    78  app.o(i.System_Init)
    TIM16_IRQHandler                         0x08001d91   Thumb Code    10  stm32f0xx_it.o(i.TIM16_IRQHandler)
    TIM17_IRQHandler                         0x08001da1   Thumb Code    10  stm32f0xx_it.o(i.TIM17_IRQHandler)
    TIM1_BRK_UP_TRG_COM_IRQHandler           0x08001db1   Thumb Code    10  stm32f0xx_it.o(i.TIM1_BRK_UP_TRG_COM_IRQHandler)
    TIM_Base_SetConfig                       0x08001dc1   Thumb Code   114  stm32f0xx_hal_tim.o(i.TIM_Base_SetConfig)
    WaterDispenser_Eventhandler              0x08001e49   Thumb Code    50  sm.o(i.WaterDispenser_Eventhandler)
    __ARM_common_ll_muluu                    0x08001e81   Thumb Code    48  stm32f0xx_hal_rcc.o(i.__ARM_common_ll_muluu)
    __ARM_common_switch8                     0x08001eb1   Thumb Code    26  app.o(i.__ARM_common_switch8)
    change_target_temper                     0x08001f11   Thumb Code    28  sm.o(i.change_target_temper)
    clear_water                              0x08001f35   Thumb Code    32  sm.o(i.clear_water)
    disinfect_alarm_timeout                  0x08001f59   Thumb Code    32  app.o(i.disinfect_alarm_timeout)
    display                                  0x08001f7d   Thumb Code  1296  app.o(i.display)
    dry_burning_handle                       0x08002491   Thumb Code     2  sm.o(i.dry_burning_handle)
    enter_disinfection                       0x08002495   Thumb Code    70  sm.o(i.enter_disinfection)
    enter_idle                               0x080024ed   Thumb Code    34  sm.o(i.enter_idle)
    enter_lock                               0x08002515   Thumb Code    68  sm.o(i.enter_lock)
    enter_preheat                            0x08002561   Thumb Code    50  sm.o(i.enter_preheat)
    enter_water_out                          0x080025a1   Thumb Code   104  sm.o(i.enter_water_out)
    exit_disinfection                        0x08002611   Thumb Code    50  sm.o(i.exit_disinfection)
    exit_idle                                0x0800264d   Thumb Code    10  sm.o(i.exit_idle)
    exit_lock                                0x0800265d   Thumb Code     2  sm.o(i.exit_lock)
    exit_preheat                             0x08002661   Thumb Code    10  sm.o(i.exit_preheat)
    exit_water_out                           0x08002671   Thumb Code     2  sm.o(i.exit_water_out)
    get_key_io_level                         0x08002675   Thumb Code    50  app.o(i.get_key_io_level)
    get_ptc_temper                           0x080026ad   Thumb Code   118  app.o(i.get_ptc_temper)
    idle_alarm_timeout                       0x08002731   Thumb Code    12  app.o(i.idle_alarm_timeout)
    led_blink                                0x08002741   Thumb Code    96  app.o(i.led_blink)
    lock_alarm_timeout                       0x080027ad   Thumb Code     2  app.o(i.lock_alarm_timeout)
    main                                     0x080027b1   Thumb Code    66  main.o(i.main)
    preheat_alarm_timeout                    0x080027fd   Thumb Code    18  app.o(i.preheat_alarm_timeout)
    safety_check                             0x08002815   Thumb Code    72  app.o(i.safety_check)
    set_all_leds_status                      0x08002865   Thumb Code    52  app.o(i.set_all_leds_status)
    set_led_status                           0x08002899   Thumb Code    76  app.o(i.set_led_status)
    single_key_Scan                          0x080028f1   Thumb Code    30  app.o(i.single_key_Scan)
    __aeabi_fadd                             0x08002915   Thumb Code     0  faddsub.o(x$fpl$fadd)
    _fadd                                    0x08002915   Thumb Code   134  faddsub.o(x$fpl$fadd)
    __aeabi_fsub                             0x080029a1   Thumb Code     0  faddsub.o(x$fpl$fsub)
    _fsub                                    0x080029a1   Thumb Code   204  faddsub.o(x$fpl$fsub)
    __I$use$fp                               0x08002a70   Number         0  usenofp.o(x$fpl$usenofp)
    DotDecode                                0x08002c00   Data         150  app.o(.constdata)
    Segment_Code                             0x08002c96   Data          11  app.o(.constdata)
    alarm_cb_tbl                             0x08002ca4   Data          16  app.o(.constdata)
    WaterDispenser_action                    0x08002d24   Data          56  sm.o(.constdata)
    AHBPrescTable                            0x08002d7c   Data          16  system_stm32f0xx.o(.constdata)
    APBPrescTable                            0x08002d8c   Data           8  system_stm32f0xx.o(.constdata)
    Region$$Table$$Base                      0x08002dd4   Number         0  anon$$obj.o(Region$$Table)
    Region$$Table$$Limit                     0x08002df4   Number         0  anon$$obj.o(Region$$Table)
    AlarmTimeBase_1s                         0x20000000   Data           1  app.o(.data)
    LedTimeBase_500ms                        0x20000001   Data           1  app.o(.data)
    test_id                                  0x20000002   Data           1  app.o(.data)
    iFlow                                    0x20000004   Data           4  app.o(.data)
    target_temper_tbl                        0x20000008   Data           5  app.o(.data)
    DryBurn_Timer_s                          0x2000000e   Data           6  app.o(.data)
    key_child_lock                           0x20000014   Data          12  app.o(.data)
    key_temper_chg                           0x20000020   Data          12  app.o(.data)
    key_water_out                            0x2000002c   Data          12  app.o(.data)
    key_pre_heat                             0x20000038   Data          12  app.o(.data)
    key_disinfect                            0x20000044   Data          12  app.o(.data)
    led_tbl                                  0x20000050   Data          10  app.o(.data)
    heating_cnt                              0x2000005a   Data           1  app.o(.data)
    pump_cnt                                 0x2000005b   Data           1  app.o(.data)
    time_cnt_1s                              0x2000005c   Data           2  app.o(.data)
    time_cnt_500ms                           0x2000005e   Data           2  app.o(.data)
    time_cnt_10ms                            0x20000060   Data           2  app.o(.data)
    IntZero_timer_ms                         0x20000062   Data           6  app.o(.data)
    PassZero_Detect                          0x20000068   Data           4  app.o(.data)
    uwTickFreq                               0x2000006c   Data           1  stm32f0xx_hal.o(.data)
    uwTickPrio                               0x20000070   Data           4  stm32f0xx_hal.o(.data)
    uwTick                                   0x20000074   Data           4  stm32f0xx_hal.o(.data)
    SystemCoreClock                          0x20000078   Data           4  system_stm32f0xx.o(.data)
    mAlarm                                   0x2000007c   Data          12  app.o(.bss)
    mDispenser                               0x20000088   Data          10  app.o(.bss)
    ptc_in                                   0x20000092   Data          24  app.o(.bss)
    ptc_out                                  0x200000aa   Data          24  app.o(.bss)
    hadc                                     0x200000c4   Data          64  adc.o(.bss)
    htim16                                   0x20000104   Data          72  tim.o(.bss)
    htim17                                   0x2000014c   Data          72  tim.o(.bss)
    htim1                                    0x20000194   Data          72  stm32f0xx_hal_timebase_tim.o(.bss)
    __libspace_start                         0x200001dc   Data          96  libspace.o(.bss)
    __temporary_stack_top$libspace           0x2000023c   Data           0  libspace.o(.bss)



==============================================================================

Memory Map of the image

  Image Entry point : 0x080000b1

  Load Region LR_IROM1 (Base: 0x08000000, Size: 0x00002e70, Max: 0x00008000, ABSOLUTE)

    Execution Region ER_IROM1 (Exec base: 0x08000000, Load base: 0x08000000, Size: 0x00002df4, Max: 0x00008000, ABSOLUTE)

    Exec Addr    Load Addr    Size         Type   Attr      Idx    E Section Name        Object

    0x08000000   0x08000000   0x000000b0   Data   RO            3    RESET               startup_stm32f030x6.o
    0x080000b0   0x080000b0   0x00000008   Code   RO         3332  * !!!main             c_p.l(__main.o)
    0x080000b8   0x080000b8   0x0000003c   Code   RO         3519    !!!scatter          c_p.l(__scatter.o)
    0x080000f4   0x080000f4   0x0000001a   Code   RO         3521    !!handler_copy      c_p.l(__scatter_copy.o)
    0x0800010e   0x0800010e   0x00000002   PAD
    0x08000110   0x08000110   0x0000001c   Code   RO         3523    !!handler_zi        c_p.l(__scatter_zi.o)
    0x0800012c   0x0800012c   0x00000002   Code   RO         3388    .ARM.Collect$$libinit$$00000000  c_p.l(libinit.o)
    0x0800012e   0x0800012e   0x00000000   Code   RO         3402    .ARM.Collect$$libinit$$00000002  c_p.l(libinit2.o)
    0x0800012e   0x0800012e   0x00000000   Code   RO         3404    .ARM.Collect$$libinit$$00000004  c_p.l(libinit2.o)
    0x0800012e   0x0800012e   0x00000000   Code   RO         3407    .ARM.Collect$$libinit$$0000000A  c_p.l(libinit2.o)
    0x0800012e   0x0800012e   0x00000000   Code   RO         3409    .ARM.Collect$$libinit$$0000000C  c_p.l(libinit2.o)
    0x0800012e   0x0800012e   0x00000000   Code   RO         3411    .ARM.Collect$$libinit$$0000000E  c_p.l(libinit2.o)
    0x0800012e   0x0800012e   0x00000000   Code   RO         3414    .ARM.Collect$$libinit$$00000011  c_p.l(libinit2.o)
    0x0800012e   0x0800012e   0x00000000   Code   RO         3416    .ARM.Collect$$libinit$$00000013  c_p.l(libinit2.o)
    0x0800012e   0x0800012e   0x00000000   Code   RO         3418    .ARM.Collect$$libinit$$00000015  c_p.l(libinit2.o)
    0x0800012e   0x0800012e   0x00000000   Code   RO         3420    .ARM.Collect$$libinit$$00000017  c_p.l(libinit2.o)
    0x0800012e   0x0800012e   0x00000000   Code   RO         3422    .ARM.Collect$$libinit$$00000019  c_p.l(libinit2.o)
    0x0800012e   0x0800012e   0x00000000   Code   RO         3424    .ARM.Collect$$libinit$$0000001B  c_p.l(libinit2.o)
    0x0800012e   0x0800012e   0x00000000   Code   RO         3426    .ARM.Collect$$libinit$$0000001D  c_p.l(libinit2.o)
    0x0800012e   0x0800012e   0x00000000   Code   RO         3428    .ARM.Collect$$libinit$$0000001F  c_p.l(libinit2.o)
    0x0800012e   0x0800012e   0x00000000   Code   RO         3430    .ARM.Collect$$libinit$$00000021  c_p.l(libinit2.o)
    0x0800012e   0x0800012e   0x00000000   Code   RO         3432    .ARM.Collect$$libinit$$00000023  c_p.l(libinit2.o)
    0x0800012e   0x0800012e   0x00000000   Code   RO         3434    .ARM.Collect$$libinit$$00000025  c_p.l(libinit2.o)
    0x0800012e   0x0800012e   0x00000000   Code   RO         3438    .ARM.Collect$$libinit$$0000002C  c_p.l(libinit2.o)
    0x0800012e   0x0800012e   0x00000000   Code   RO         3440    .ARM.Collect$$libinit$$0000002E  c_p.l(libinit2.o)
    0x0800012e   0x0800012e   0x00000000   Code   RO         3442    .ARM.Collect$$libinit$$00000030  c_p.l(libinit2.o)
    0x0800012e   0x0800012e   0x00000000   Code   RO         3444    .ARM.Collect$$libinit$$00000032  c_p.l(libinit2.o)
    0x0800012e   0x0800012e   0x00000002   Code   RO         3445    .ARM.Collect$$libinit$$00000033  c_p.l(libinit2.o)
    0x08000130   0x08000130   0x00000002   Code   RO         3476    .ARM.Collect$$libshutdown$$00000000  c_p.l(libshutdown.o)
    0x08000132   0x08000132   0x00000000   Code   RO         3502    .ARM.Collect$$libshutdown$$00000002  c_p.l(libshutdown2.o)
    0x08000132   0x08000132   0x00000000   Code   RO         3504    .ARM.Collect$$libshutdown$$00000004  c_p.l(libshutdown2.o)
    0x08000132   0x08000132   0x00000000   Code   RO         3507    .ARM.Collect$$libshutdown$$00000007  c_p.l(libshutdown2.o)
    0x08000132   0x08000132   0x00000000   Code   RO         3510    .ARM.Collect$$libshutdown$$0000000A  c_p.l(libshutdown2.o)
    0x08000132   0x08000132   0x00000000   Code   RO         3512    .ARM.Collect$$libshutdown$$0000000C  c_p.l(libshutdown2.o)
    0x08000132   0x08000132   0x00000000   Code   RO         3515    .ARM.Collect$$libshutdown$$0000000F  c_p.l(libshutdown2.o)
    0x08000132   0x08000132   0x00000002   Code   RO         3516    .ARM.Collect$$libshutdown$$00000010  c_p.l(libshutdown2.o)
    0x08000134   0x08000134   0x00000000   Code   RO         3347    .ARM.Collect$$rtentry$$00000000  c_p.l(__rtentry.o)
    0x08000134   0x08000134   0x00000000   Code   RO         3358    .ARM.Collect$$rtentry$$00000002  c_p.l(__rtentry2.o)
    0x08000134   0x08000134   0x00000006   Code   RO         3370    .ARM.Collect$$rtentry$$00000004  c_p.l(__rtentry4.o)
    0x0800013a   0x0800013a   0x00000000   Code   RO         3360    .ARM.Collect$$rtentry$$00000009  c_p.l(__rtentry2.o)
    0x0800013a   0x0800013a   0x00000004   Code   RO         3361    .ARM.Collect$$rtentry$$0000000A  c_p.l(__rtentry2.o)
    0x0800013e   0x0800013e   0x00000000   Code   RO         3363    .ARM.Collect$$rtentry$$0000000C  c_p.l(__rtentry2.o)
    0x0800013e   0x0800013e   0x00000008   Code   RO         3364    .ARM.Collect$$rtentry$$0000000D  c_p.l(__rtentry2.o)
    0x08000146   0x08000146   0x00000002   Code   RO         3393    .ARM.Collect$$rtexit$$00000000  c_p.l(rtexit.o)
    0x08000148   0x08000148   0x00000000   Code   RO         3449    .ARM.Collect$$rtexit$$00000002  c_p.l(rtexit2.o)
    0x08000148   0x08000148   0x00000004   Code   RO         3450    .ARM.Collect$$rtexit$$00000003  c_p.l(rtexit2.o)
    0x0800014c   0x0800014c   0x00000006   Code   RO         3451    .ARM.Collect$$rtexit$$00000004  c_p.l(rtexit2.o)
    0x08000152   0x08000152   0x00000002   PAD
    0x08000154   0x08000154   0x00000038   Code   RO            4    .text               startup_stm32f030x6.o
    0x0800018c   0x0800018c   0x00000102   Code   RO         3322    .text               c_p.l(lludiv.o)
    0x0800028e   0x0800028e   0x00000040   Code   RO         3324    .text               c_p.l(rt_memclr.o)
    0x080002ce   0x080002ce   0x0000015a   Code   RO         3326    .text               c_p.l(aeabi_sdiv.o)
    0x08000428   0x08000428   0x00000006   Code   RO         3330    .text               c_p.l(heapauxi.o)
    0x0800042e   0x0800042e   0x00000002   PAD
    0x08000430   0x08000430   0x00000160   Code   RO         3340    .text               fz_ps.l(fdiv.o)
    0x08000590   0x08000590   0x00000030   Code   RO         3343    .text               fz_ps.l(ffixui.o)
    0x080005c0   0x080005c0   0x0000005e   Code   RO         3345    .text               fz_ps.l(fflti.o)
    0x0800061e   0x0800061e   0x0000003e   Code   RO         3374    .text               c_p.l(sys_stackheap_outer.o)
    0x0800065c   0x0800065c   0x00000010   Code   RO         3377    .text               c_p.l(exit.o)
    0x0800066c   0x0800066c   0x00000008   Code   RO         3389    .text               c_p.l(libspace.o)
    0x08000674   0x08000674   0x0000000c   Code   RO         3446    .text               c_p.l(sys_exit.o)
    0x08000680   0x08000680   0x00000002   Code   RO         3465    .text               c_p.l(use_no_semi.o)
    0x08000682   0x08000682   0x00000000   Code   RO         3467    .text               c_p.l(indicate_semi.o)
    0x08000682   0x08000682   0x0000005a   Code   RO          744    i.ADC_ConversionStop  stm32f0xx_hal_adc.o
    0x080006dc   0x080006dc   0x0000006e   Code   RO          748    i.ADC_Disable       stm32f0xx_hal_adc.o
    0x0800074a   0x0800074a   0x00000002   PAD
    0x0800074c   0x0800074c   0x00000090   Code   RO          749    i.ADC_Enable        stm32f0xx_hal_adc.o
    0x080007dc   0x080007dc   0x00000020   Code   RO           12    i.ADC_Get_Value     app.o
    0x080007fc   0x080007fc   0x00000014   Code   RO           13    i.Alarm_Cancel      app.o
    0x08000810   0x08000810   0x00000074   Code   RO           14    i.Alarm_Process     app.o
    0x08000884   0x08000884   0x00000028   Code   RO           15    i.Alarm_Start       app.o
    0x080008ac   0x080008ac   0x00000026   Code   RO           16    i.DelayUs           app.o
    0x080008d2   0x080008d2   0x0000000a   Code   RO          611    i.EXTI0_1_IRQHandler  stm32f0xx_it.o
    0x080008dc   0x080008dc   0x0000000a   Code   RO          612    i.EXTI2_3_IRQHandler  stm32f0xx_it.o
    0x080008e6   0x080008e6   0x00000004   Code   RO          461    i.Error_Handler     main.o
    0x080008ea   0x080008ea   0x000000b8   Code   RO          920    i.HAL_ADCEx_Calibration_Start  stm32f0xx_hal_adc_ex.o
    0x080009a2   0x080009a2   0x00000002   PAD
    0x080009a4   0x080009a4   0x00000110   Code   RO          751    i.HAL_ADC_ConfigChannel  stm32f0xx_hal_adc.o
    0x08000ab4   0x08000ab4   0x00000006   Code   RO          758    i.HAL_ADC_GetValue  stm32f0xx_hal_adc.o
    0x08000aba   0x08000aba   0x00000002   PAD
    0x08000abc   0x08000abc   0x00000178   Code   RO          760    i.HAL_ADC_Init      stm32f0xx_hal_adc.o
    0x08000c34   0x08000c34   0x00000054   Code   RO          530    i.HAL_ADC_MspInit   adc.o
    0x08000c88   0x08000c88   0x000000c6   Code   RO          764    i.HAL_ADC_PollForConversion  stm32f0xx_hal_adc.o
    0x08000d4e   0x08000d4e   0x00000002   PAD
    0x08000d50   0x08000d50   0x0000005c   Code   RO          766    i.HAL_ADC_Start     stm32f0xx_hal_adc.o
    0x08000dac   0x08000dac   0x0000003e   Code   RO          769    i.HAL_ADC_Stop      stm32f0xx_hal_adc.o
    0x08000dea   0x08000dea   0x00000002   PAD
    0x08000dec   0x08000dec   0x00000024   Code   RO         1072    i.HAL_Delay         stm32f0xx_hal.o
    0x08000e10   0x08000e10   0x00000068   Code   RO          462    i.HAL_GPIO_EXTI_Callback  main.o
    0x08000e78   0x08000e78   0x00000018   Code   RO         1733    i.HAL_GPIO_EXTI_IRQHandler  stm32f0xx_hal_gpio.o
    0x08000e90   0x08000e90   0x000001a4   Code   RO         1734    i.HAL_GPIO_Init     stm32f0xx_hal_gpio.o
    0x08001034   0x08001034   0x0000000a   Code   RO         1736    i.HAL_GPIO_ReadPin  stm32f0xx_hal_gpio.o
    0x0800103e   0x0800103e   0x00000010   Code   RO         1737    i.HAL_GPIO_TogglePin  stm32f0xx_hal_gpio.o
    0x0800104e   0x0800104e   0x0000000c   Code   RO         1738    i.HAL_GPIO_WritePin  stm32f0xx_hal_gpio.o
    0x0800105a   0x0800105a   0x00000002   PAD
    0x0800105c   0x0800105c   0x0000000c   Code   RO         1076    i.HAL_GetTick       stm32f0xx_hal.o
    0x08001068   0x08001068   0x00000010   Code   RO         1082    i.HAL_IncTick       stm32f0xx_hal.o
    0x08001078   0x08001078   0x00000020   Code   RO         1083    i.HAL_Init          stm32f0xx_hal.o
    0x08001098   0x08001098   0x0000009c   Code   RO          709    i.HAL_InitTick      stm32f0xx_hal_timebase_tim.o
    0x08001134   0x08001134   0x00000028   Code   RO          689    i.HAL_MspInit       stm32f0xx_hal_msp.o
    0x0800115c   0x0800115c   0x00000018   Code   RO         1891    i.HAL_NVIC_EnableIRQ  stm32f0xx_hal_cortex.o
    0x08001174   0x08001174   0x00000008   Code   RO         1895    i.HAL_NVIC_SetPriority  stm32f0xx_hal_cortex.o
    0x0800117c   0x0800117c   0x00000108   Code   RO          941    i.HAL_RCC_ClockConfig  stm32f0xx_hal_rcc.o
    0x08001284   0x08001284   0x00000038   Code   RO          945    i.HAL_RCC_GetClockConfig  stm32f0xx_hal_rcc.o
    0x080012bc   0x080012bc   0x00000020   Code   RO          948    i.HAL_RCC_GetPCLK1Freq  stm32f0xx_hal_rcc.o
    0x080012dc   0x080012dc   0x00000054   Code   RO          949    i.HAL_RCC_GetSysClockFreq  stm32f0xx_hal_rcc.o
    0x08001330   0x08001330   0x00000388   Code   RO          952    i.HAL_RCC_OscConfig  stm32f0xx_hal_rcc.o
    0x080016b8   0x080016b8   0x00000002   Code   RO         3023    i.HAL_TIMEx_BreakCallback  stm32f0xx_hal_tim_ex.o
    0x080016ba   0x080016ba   0x00000002   Code   RO         3024    i.HAL_TIMEx_CommutCallback  stm32f0xx_hal_tim_ex.o
    0x080016bc   0x080016bc   0x00000048   Code   RO         2323    i.HAL_TIM_Base_Init  stm32f0xx_hal_tim.o
    0x08001704   0x08001704   0x00000060   Code   RO          568    i.HAL_TIM_Base_MspInit  tim.o
    0x08001764   0x08001764   0x00000048   Code   RO         2328    i.HAL_TIM_Base_Start_IT  stm32f0xx_hal_tim.o
    0x080017ac   0x080017ac   0x00000034   Code   RO         2331    i.HAL_TIM_Base_Stop_IT  stm32f0xx_hal_tim.o
    0x080017e0   0x080017e0   0x00000002   Code   RO         2357    i.HAL_TIM_IC_CaptureCallback  stm32f0xx_hal_tim.o
    0x080017e2   0x080017e2   0x00000128   Code   RO         2371    i.HAL_TIM_IRQHandler  stm32f0xx_hal_tim.o
    0x0800190a   0x0800190a   0x00000002   Code   RO         2374    i.HAL_TIM_OC_DelayElapsedCallback  stm32f0xx_hal_tim.o
    0x0800190c   0x0800190c   0x00000002   Code   RO         2401    i.HAL_TIM_PWM_PulseFinishedCallback  stm32f0xx_hal_tim.o
    0x0800190e   0x0800190e   0x00000002   PAD
    0x08001910   0x08001910   0x00000134   Code   RO          463    i.HAL_TIM_PeriodElapsedCallback  main.o
    0x08001a44   0x08001a44   0x00000002   Code   RO         2414    i.HAL_TIM_TriggerCallback  stm32f0xx_hal_tim.o
    0x08001a46   0x08001a46   0x00000002   Code   RO          613    i.HardFault_Handler  stm32f0xx_it.o
    0x08001a48   0x08001a48   0x0000001c   Code   RO           17    i.Key_status_handler  app.o
    0x08001a64   0x08001a64   0x00000030   Code   RO           18    i.Keys_Scan         app.o
    0x08001a94   0x08001a94   0x00000030   Code   RO           19    i.Keys_handler      app.o
    0x08001ac4   0x08001ac4   0x0000007c   Code   RO          531    i.MX_ADC_Init       adc.o
    0x08001b40   0x08001b40   0x0000012c   Code   RO          509    i.MX_GPIO_Init      gpio.o
    0x08001c6c   0x08001c6c   0x00000034   Code   RO          569    i.MX_TIM16_Init     tim.o
    0x08001ca0   0x08001ca0   0x00000038   Code   RO          570    i.MX_TIM17_Init     tim.o
    0x08001cd8   0x08001cd8   0x00000002   Code   RO          614    i.NMI_Handler       stm32f0xx_it.o
    0x08001cda   0x08001cda   0x00000002   Code   RO          615    i.PendSV_Handler    stm32f0xx_it.o
    0x08001cdc   0x08001cdc   0x00000002   Code   RO          616    i.SVC_Handler       stm32f0xx_it.o
    0x08001cde   0x08001cde   0x00000002   Code   RO          617    i.SysTick_Handler   stm32f0xx_it.o
    0x08001ce0   0x08001ce0   0x00000054   Code   RO          464    i.SystemClock_Config  main.o
    0x08001d34   0x08001d34   0x00000002   Code   RO         3287    i.SystemInit        system_stm32f0xx.o
    0x08001d36   0x08001d36   0x00000002   PAD
    0x08001d38   0x08001d38   0x00000058   Code   RO           20    i.System_Init       app.o
    0x08001d90   0x08001d90   0x00000010   Code   RO          618    i.TIM16_IRQHandler  stm32f0xx_it.o
    0x08001da0   0x08001da0   0x00000010   Code   RO          619    i.TIM17_IRQHandler  stm32f0xx_it.o
    0x08001db0   0x08001db0   0x00000010   Code   RO          620    i.TIM1_BRK_UP_TRG_COM_IRQHandler  stm32f0xx_it.o
    0x08001dc0   0x08001dc0   0x00000088   Code   RO         2416    i.TIM_Base_SetConfig  stm32f0xx_hal_tim.o
    0x08001e48   0x08001e48   0x00000038   Code   RO          317    i.WaterDispenser_Eventhandler  sm.o
    0x08001e80   0x08001e80   0x00000030   Code   RO         1027    i.__ARM_common_ll_muluu  stm32f0xx_hal_rcc.o
    0x08001eb0   0x08001eb0   0x0000001a   Code   RO          191    i.__ARM_common_switch8  app.o
    0x08001eca   0x08001eca   0x00000002   PAD
    0x08001ecc   0x08001ecc   0x00000044   Code   RO         1901    i.__NVIC_SetPriority  stm32f0xx_hal_cortex.o
    0x08001f10   0x08001f10   0x00000024   Code   RO          318    i.change_target_temper  sm.o
    0x08001f34   0x08001f34   0x00000024   Code   RO          319    i.clear_water       sm.o
    0x08001f58   0x08001f58   0x00000024   Code   RO           22    i.disinfect_alarm_timeout  app.o
    0x08001f7c   0x08001f7c   0x00000514   Code   RO           24    i.display           app.o
    0x08002490   0x08002490   0x00000002   Code   RO          320    i.dry_burning_handle  sm.o
    0x08002492   0x08002492   0x00000002   PAD
    0x08002494   0x08002494   0x00000058   Code   RO          321    i.enter_disinfection  sm.o
    0x080024ec   0x080024ec   0x00000028   Code   RO          322    i.enter_idle        sm.o
    0x08002514   0x08002514   0x0000004c   Code   RO          323    i.enter_lock        sm.o
    0x08002560   0x08002560   0x00000040   Code   RO          324    i.enter_preheat     sm.o
    0x080025a0   0x080025a0   0x00000070   Code   RO          325    i.enter_water_out   sm.o
    0x08002610   0x08002610   0x0000003c   Code   RO          326    i.exit_disinfection  sm.o
    0x0800264c   0x0800264c   0x00000010   Code   RO          327    i.exit_idle         sm.o
    0x0800265c   0x0800265c   0x00000002   Code   RO          328    i.exit_lock         sm.o
    0x0800265e   0x0800265e   0x00000002   PAD
    0x08002660   0x08002660   0x00000010   Code   RO          329    i.exit_preheat      sm.o
    0x08002670   0x08002670   0x00000002   Code   RO          330    i.exit_water_out    sm.o
    0x08002672   0x08002672   0x00000002   PAD
    0x08002674   0x08002674   0x00000038   Code   RO           25    i.get_key_io_level  app.o
    0x080026ac   0x080026ac   0x00000084   Code   RO           26    i.get_ptc_temper    app.o
    0x08002730   0x08002730   0x00000010   Code   RO           27    i.idle_alarm_timeout  app.o
    0x08002740   0x08002740   0x0000006c   Code   RO           28    i.led_blink         app.o
    0x080027ac   0x080027ac   0x00000002   Code   RO           29    i.lock_alarm_timeout  app.o
    0x080027ae   0x080027ae   0x00000002   PAD
    0x080027b0   0x080027b0   0x0000004c   Code   RO          465    i.main              main.o
    0x080027fc   0x080027fc   0x00000018   Code   RO           31    i.preheat_alarm_timeout  app.o
    0x08002814   0x08002814   0x00000050   Code   RO           33    i.safety_check      app.o
    0x08002864   0x08002864   0x00000034   Code   RO           34    i.set_all_leds_status  app.o
    0x08002898   0x08002898   0x00000058   Code   RO           35    i.set_led_status    app.o
    0x080028f0   0x080028f0   0x00000024   Code   RO           36    i.single_key_Scan   app.o
    0x08002914   0x08002914   0x0000008c   Code   RO         3334    x$fpl$fadd          fz_ps.l(faddsub.o)
    0x080029a0   0x080029a0   0x000000d0   Code   RO         3336    x$fpl$fsub          fz_ps.l(faddsub.o)
    0x08002a70   0x08002a70   0x00000000   Code   RO         3356    x$fpl$usenofp       fz_ps.l(usenofp.o)
    0x08002a70   0x08002a70   0x00000244   Data   RO           39    .constdata          app.o
    0x08002cb4   0x08002cb4   0x00000012   Data   RO          331    .constdata          sm.o
    0x08002cc6   0x08002cc6   0x00000012   Data   RO          332    .constdata          sm.o
    0x08002cd8   0x08002cd8   0x00000012   Data   RO          333    .constdata          sm.o
    0x08002cea   0x08002cea   0x00000012   Data   RO          334    .constdata          sm.o
    0x08002cfc   0x08002cfc   0x00000012   Data   RO          335    .constdata          sm.o
    0x08002d0e   0x08002d0e   0x00000002   PAD
    0x08002d10   0x08002d10   0x0000004c   Data   RO          336    .constdata          sm.o
    0x08002d5c   0x08002d5c   0x00000020   Data   RO          953    .constdata          stm32f0xx_hal_rcc.o
    0x08002d7c   0x08002d7c   0x00000010   Data   RO         3288    .constdata          system_stm32f0xx.o
    0x08002d8c   0x08002d8c   0x00000008   Data   RO         3289    .constdata          system_stm32f0xx.o
    0x08002d94   0x08002d94   0x00000040   Data   RO         3341    .constdata          fz_ps.l(fdiv.o)
    0x08002dd4   0x08002dd4   0x00000020   Data   RO         3517    Region$$Table       anon$$obj.o


    Execution Region RW_IRAM1 (Exec base: 0x20000000, Load base: 0x08002df4, Size: 0x00000840, Max: 0x00001000, ABSOLUTE)

    Exec Addr    Load Addr    Size         Type   Attr      Idx    E Section Name        Object

    0x20000000   0x08002df4   0x0000005a   Data   RW           40    .data               app.o
    0x2000005a   0x08002e4e   0x00000001   Data   RW           46    .data               app.o
    0x2000005b   0x08002e4f   0x00000001   Data   RW           47    .data               app.o
    0x2000005c   0x08002e50   0x00000002   Data   RW           49    .data               app.o
    0x2000005e   0x08002e52   0x00000002   Data   RW           50    .data               app.o
    0x20000060   0x08002e54   0x00000002   Data   RW           51    .data               app.o
    0x20000062   0x08002e56   0x00000006   Data   RW           52    .data               app.o
    0x20000068   0x08002e5c   0x00000004   Data   RW           53    .data               app.o
    0x2000006c   0x08002e60   0x0000000c   Data   RW         1090    .data               stm32f0xx_hal.o
    0x20000078   0x08002e6c   0x00000004   Data   RW         3290    .data               system_stm32f0xx.o
    0x2000007c        -       0x00000046   Zero   RW           38    .bss                app.o
    0x200000c2   0x08002e70   0x00000002   PAD
    0x200000c4        -       0x00000040   Zero   RW          532    .bss                adc.o
    0x20000104        -       0x00000090   Zero   RW          571    .bss                tim.o
    0x20000194        -       0x00000048   Zero   RW          712    .bss                stm32f0xx_hal_timebase_tim.o
    0x200001dc        -       0x00000060   Zero   RW         3390    .bss                c_p.l(libspace.o)
    0x2000023c   0x08002e70   0x00000004   PAD
    0x20000240        -       0x00000200   Zero   RW            2    HEAP                startup_stm32f030x6.o
    0x20000440        -       0x00000400   Zero   RW            1    STACK               startup_stm32f030x6.o


==============================================================================

Image component sizes


      Code (inc. data)   RO Data    RW Data    ZI Data      Debug   Object Name

       208         18          0          0         64       1651   adc.o
      2414        162        580        108         70     276233   app.o
       300         22          0          0          0        983   gpio.o
       576         96          0          0          0       3173   main.o
       606         94        166          0          0       7965   sm.o
        56         26        176          0       1536        632   startup_stm32f030x6.o
        96         20          0         12          0       7134   stm32f0xx_hal.o
      1350         48          0          0          0       7781   stm32f0xx_hal_adc.o
       184          0          0          0          0       1382   stm32f0xx_hal_adc_ex.o
       100         14          0          0          0       9540   stm32f0xx_hal_cortex.o
       482         30          0          0          0       3895   stm32f0xx_hal_gpio.o
        40          6          0          0          0        814   stm32f0xx_hal_msp.o
      1388         74         32          0          0       5198   stm32f0xx_hal_rcc.o
       636         38          0          0          0       6956   stm32f0xx_hal_tim.o
         4          0          0          0          0       1553   stm32f0xx_hal_tim_ex.o
       156         26          0          0         72       1451   stm32f0xx_hal_timebase_tim.o
        78         18          0          0          0       4364   stm32f0xx_it.o
         2          0         24          4          0       1099   system_stm32f0xx.o
       204         36          0          0        144       2027   tim.o

    ----------------------------------------------------------------------
      8906        728       1012        124       1888     343831   Object Totals
         0          0         32          0          0          0   (incl. Generated)
        26          0          2          0          2          0   (incl. Padding)

    ----------------------------------------------------------------------

      Code (inc. data)   RO Data    RW Data    ZI Data      Debug   Library Member Name

         8          0          0          0          0         68   __main.o
         0          0          0          0          0          0   __rtentry.o
        12          0          0          0          0          0   __rtentry2.o
         6          0          0          0          0          0   __rtentry4.o
        60          8          0          0          0          0   __scatter.o
        26          0          0          0          0          0   __scatter_copy.o
        28          0          0          0          0          0   __scatter_zi.o
       346          0          0          0          0         92   aeabi_sdiv.o
        16          0          0          0          0         68   exit.o
         6          0          0          0          0        136   heapauxi.o
         0          0          0          0          0          0   indicate_semi.o
         2          0          0          0          0          0   libinit.o
         2          0          0          0          0          0   libinit2.o
         2          0          0          0          0          0   libshutdown.o
         2          0          0          0          0          0   libshutdown2.o
         8          4          0          0         96         68   libspace.o
       258          0          0          0          0         88   lludiv.o
        64          0          0          0          0        108   rt_memclr.o
         2          0          0          0          0          0   rtexit.o
        10          0          0          0          0          0   rtexit2.o
        12          4          0          0          0         60   sys_exit.o
        62          0          0          0          0         80   sys_stackheap_outer.o
         2          0          0          0          0         68   use_no_semi.o
       348          8          0          0          0        160   faddsub.o
       352         10         64          0          0         92   fdiv.o
        48          0          0          0          0         60   ffixui.o
        94          0          0          0          0         92   fflti.o
         0          0          0          0          0          0   usenofp.o

    ----------------------------------------------------------------------
      1782         34         64          0        100       1240   Library Totals
         6          0          0          0          4          0   (incl. Padding)

    ----------------------------------------------------------------------

      Code (inc. data)   RO Data    RW Data    ZI Data      Debug   Library Name

       934         16          0          0         96        836   c_p.l
       842         18         64          0          0        404   fz_ps.l

    ----------------------------------------------------------------------
      1782         34         64          0        100       1240   Library Totals

    ----------------------------------------------------------------------

==============================================================================


      Code (inc. data)   RO Data    RW Data    ZI Data      Debug   

     10688        762       1076        124       1988     340423   Grand Totals
     10688        762       1076        124       1988     340423   ELF Image Totals
     10688        762       1076        124          0          0   ROM Totals

==============================================================================

    Total RO  Size (Code + RO Data)                11764 (  11.49kB)
    Total RW  Size (RW Data + ZI Data)              2112 (   2.06kB)
    Total ROM Size (Code + RO Data + RW Data)      11888 (  11.61kB)

==============================================================================

